#
# There is insufficient memory for the Java Runtime Environment to continue.
# Native memory allocation (mmap) failed to map 65536 bytes. Error detail: Failed to commit metaspace.
# Possible reasons:
#   The system is out of physical RAM or swap space
#   This process is running with CompressedOops enabled, and the Java Heap may be blocking the growth of the native heap
# Possible solutions:
#   Reduce memory load on the system
#   Increase physical memory or swap space
#   Check if swap backing store is full
#   Decrease Java heap size (-Xmx/-Xms)
#   Decrease number of Java threads
#   Decrease Java thread stack sizes (-Xss)
#   Set larger code cache with -XX:ReservedCodeCacheSize=
#   JVM is running with Zero Based Compressed Oops mode in which the Java heap is
#     placed in the first 32GB address space. The Java Heap base address is the
#     maximum limit for the native heap growth. Please use -XX:HeapBaseMinAddress
#     to set the Java Heap base and to place the Java Heap above 32GB virtual address.
# This output file may be truncated or incomplete.
#
#  Out of Memory Error (virtualSpaceNode.cpp:113), pid=1896, tid=14948
#
# JRE version: OpenJDK Runtime Environment JBR-21.0.10+1-1163.108-jcef (21.0.10+1) (build 21.0.10+1-b1163.108)
# Java VM: OpenJDK 64-Bit Server VM JBR-21.0.10+1-1163.108-jcef (21.0.10+1-b1163.108, mixed mode, tiered, compressed oops, compressed class ptrs, g1 gc, windows-amd64)
# No core dump will be written. Minidumps are not enabled by default on client versions of Windows
#

---------------  S U M M A R Y ------------

Command Line: git4idea.http.GitAskPassApp Username for 'https://github.com': 

Host: 11th Gen Intel(R) Core(TM) i5-1135G7 @ 2.40GHz, 8 cores, 15G,  Windows 11 , 64 bit Build 26100 (10.0.26100.7705)
Time: Fri Mar  6 11:10:42 2026 elapsed time: 8.396482 seconds (0d 0h 0m 8s)

---------------  T H R E A D  ---------------

Current thread (0x000001d38d481d90):  JavaThread "main"             [_thread_in_vm, id=14948, stack(0x00000032e5700000,0x00000032e5800000) (1024K)]

Stack: [0x00000032e5700000,0x00000032e5800000]
Native frames: (J=compiled Java code, j=interpreted, Vv=VM code, C=native code)
V  [jvm.dll+0x6ecf49]
V  [jvm.dll+0x8cbe73]
V  [jvm.dll+0x8ce49e]
V  [jvm.dll+0x8ceb83]
V  [jvm.dll+0x28b776]
V  [jvm.dll+0x8c6c9e]
V  [jvm.dll+0x68d755]
V  [jvm.dll+0x68d7ba]
V  [jvm.dll+0x68ffd6]
V  [jvm.dll+0x68fea2]
V  [jvm.dll+0x68e10e]
V  [jvm.dll+0x2746df]
V  [jvm.dll+0x698455]
V  [jvm.dll+0x21ebcc]
V  [jvm.dll+0x21f115]
V  [jvm.dll+0x21faf6]
V  [jvm.dll+0x214aaa]
V  [jvm.dll+0x5ca455]
V  [jvm.dll+0x2269bc]
V  [jvm.dll+0x843f6c]
V  [jvm.dll+0x845002]
V  [jvm.dll+0x8455c4]
V  [jvm.dll+0x845258]
V  [jvm.dll+0x2780bb]
V  [jvm.dll+0x2782d5]
V  [jvm.dll+0x5ed387]
V  [jvm.dll+0x5f04ae]
V  [jvm.dll+0x3eb8f0]
V  [jvm.dll+0x3eaf6d]
C  0x000001d39acd99b5

The last pc belongs to invokestatic (printed below).
Java frames: (J=compiled Java code, j=interpreted, Vv=VM code)
j  java.time.temporal.ChronoField.<clinit>()V+19 java.base@21.0.10
v  ~StubRoutines::call_stub 0x000001d39acc10e7
j  java.time.LocalDate.of(III)Ljava/time/LocalDate;+0 java.base@21.0.10
j  java.time.LocalDate.<clinit>()V+5 java.base@21.0.10
v  ~StubRoutines::call_stub 0x000001d39acc10e7
j  java.time.LocalDateTime.<clinit>()V+0 java.base@21.0.10
v  ~StubRoutines::call_stub 0x000001d39acc10e7
j  java.time.ZonedDateTime.of(IIIIIIILjava/time/ZoneId;)Ljava/time/ZonedDateTime;+10 java.base@21.0.10
j  sun.security.util.DisabledAlgorithmConstraints$DenyAfterConstraint.<init>(Ljava/lang/String;III)V+73 java.base@21.0.10
j  sun.security.util.DisabledAlgorithmConstraints$Constraints.<init>(Ljava/lang/String;Ljava/util/Set;)V+624 java.base@21.0.10
j  sun.security.util.DisabledAlgorithmConstraints.<init>(Ljava/lang/String;Lsun/security/util/AlgorithmDecomposer;)V+144 java.base@21.0.10
j  sun.security.ssl.SSLAlgorithmConstraints.<clinit>()V+33 java.base@21.0.10
v  ~StubRoutines::call_stub 0x000001d39acc10e7
j  sun.security.ssl.ProtocolVersion.<init>(Ljava/lang/String;IILjava/lang/String;Z)V+47 java.base@21.0.10
j  sun.security.ssl.ProtocolVersion.<clinit>()V+13 java.base@21.0.10
v  ~StubRoutines::call_stub 0x000001d39acc10e7
j  sun.security.ssl.SSLContextImpl$AbstractTLSContext.<clinit>()V+7 java.base@21.0.10
v  ~StubRoutines::call_stub 0x000001d39acc10e7
j  java.lang.Class.forName0(Ljava/lang/String;ZLjava/lang/ClassLoader;Ljava/lang/Class;)Ljava/lang/Class;+0 java.base@21.0.10
j  java.lang.Class.forName(Ljava/lang/String;Ljava/lang/Class;)Ljava/lang/Class;+19 java.base@21.0.10
j  java.lang.Class.forName(Ljava/lang/String;)Ljava/lang/Class;+6 java.base@21.0.10
j  java.security.Provider$Service.getImplClass()Ljava/lang/Class;+64 java.base@21.0.10
j  java.security.Provider$Service.getDefaultConstructor()Ljava/lang/reflect/Constructor;+46 java.base@21.0.10
j  java.security.Provider$Service.newInstanceOf()Ljava/lang/Object;+1 java.base@21.0.10
j  java.security.Provider$Service.newInstanceUtil(Ljava/lang/Class;Ljava/lang/Object;)Ljava/lang/Object;+5 java.base@21.0.10
j  java.security.Provider$Service.newInstance(Ljava/lang/Object;)Ljava/lang/Object;+216 java.base@21.0.10
j  sun.security.jca.GetInstance.getInstance(Ljava/security/Provider$Service;Ljava/lang/Class;)Lsun/security/jca/GetInstance$Instance;+2 java.base@21.0.10
j  sun.security.jca.GetInstance.getInstance(Ljava/lang/String;Ljava/lang/Class;Ljava/lang/String;)Lsun/security/jca/GetInstance$Instance;+56 java.base@21.0.10
j  javax.net.ssl.SSLContext.getInstance(Ljava/lang/String;)Ljavax/net/ssl/SSLContext;+12 java.base@21.0.10
j  externalApp.ExternalAppUtil.sendIdeRequest(Ljava/lang/String;ILjava/lang/String;Ljava/lang/String;)LexternalApp/ExternalAppUtil$Result;+34
j  git4idea.http.GitAskPassApp.entryPoint(LexternalApp/ExternalAppEntry;)I+61
j  git4idea.http.GitAskPassApp.main([Ljava/lang/String;)V+11
v  ~StubRoutines::call_stub 0x000001d39acc10e7
invokestatic  184 invokestatic  [0x000001d39acd9900, 0x000001d39acd9bc8]  712 bytes
[MachCode]
  0x000001d39acd9900: 4883 ec08 | c5fa 1104 | 24eb 1f48 | 83ec 10c5 | fb11 0424 | eb14 4883 | ec10 4889 | 0424 48c7 
  0x000001d39acd9920: 4424 0800 | 0000 00eb | 0150 4c89 | 6dc0 410f | b755 0148 | 8b4d d0c1 | e202 8b5c | d138 c1eb 
  0x000001d39acd9940: 1081 e3ff | 0000 0081 | fbb8 0000 | 000f 84b4 | 0000 00bb | b800 0000 | e805 0000 | 00e9 9900 
  0x000001d39acd9960: 0000 488b | d348 8d44 | 2408 4c89 | 6dc0 498b | cfc5 f877 | 4989 afb0 | 0300 0049 | 8987 a003 
  0x000001d39acd9980: 0000 4883 | ec20 40f6 | c40f 0f84 | 1900 0000 | 4883 ec08 | 48b8 00af | 7b83 fd7f | 0000 ffd0 
  0x000001d39acd99a0: 4883 c408 | e90c 0000 | 0048 b800 | af7b 83fd | 7f00 00ff | d048 83c4 | 2049 c787 | a003 0000 
  0x000001d39acd99c0: 0000 0000 | 49c7 87b0 | 0300 0000 | 0000 0049 | c787 a803 | 0000 0000 | 0000 c5f8 | 7749 837f 
  0x000001d39acd99e0: 0800 0f84 | 0500 0000 | e913 75fe | ff4c 8b6d | c04c 8b75 | c84e 8d74 | f500 c341 | 0fb7 5501 
  0x000001d39acd9a00: 488b 4dd0 | c1e2 0248 | 8b5c d140 | 488b 5b08 | 488b 5b08 | 488b 5b18 | 80bb 6101 | 0000 040f 
  0x000001d39acd9a20: 840d 0000 | 004c 3bbb | 6801 0000 | 0f85 21ff | ffff 488b | 5cd1 408b | 54d1 50c1 | ea1c 49ba 
  0x000001d39acd9a40: b09c 0b84 | fd7f 0000 | 498b 14d2 | 5248 8b45 | d848 85c0 | 0f84 1200 | 0000 4883 | 4008 0148 
  0x000001d39acd9a60: 8358 0800 | 4883 c010 | 4889 45d8 | 488b 45d8 | 4885 c00f | 843d 0100 | 0080 78f0 | 0a0f 8533 
  0x000001d39acd9a80: 0100 0048 | 83c0 084c | 8b68 f841 | 83ed 0041 | 83fd 020f | 8c12 0100 | 004c 8b6b | 0845 0fb7 
  0x000001d39acd9aa0: 6d2e 4c2b | 2841 83ed | 014e 8b6c | ec08 4d85 | ed75 0ef6 | 4008 0175 | 58f0 4883 | 4808 01eb 
  0x000001d39acd9ac0: 5045 8b6d | 0849 ba00 | 0000 0008 | 0000 004d | 03ea 4d8b | d54c 3368 | 0849 f7c5 | fcff ffff 
  0x000001d39acd9ae0: 742f 41f6 | c502 7529 | 4883 7808 | 0074 1e48 | 8378 0801 | 7417 4d8b | ea4c 3368 | 0849 f7c5 
  0x000001d39acd9b00: fcff ffff | 740b 4883 | 4808 02eb | 044c 8968 | 0848 83c0 | 104c 8b68 | e841 83ed | 0241 83fd 
  0x000001d39acd9b20: 020f 8c84 | 0000 004c | 8b6b 0845 | 0fb7 6d2e | 4c2b 2841 | 83ed 014e | 8b6c ec08 | 4d85 ed75 
  0x000001d39acd9b40: 0ef6 4008 | 0175 58f0 | 4883 4808 | 01eb 5045 | 8b6d 0849 | ba00 0000 | 0008 0000 | 004d 03ea 
  0x000001d39acd9b60: 4d8b d54c | 3368 0849 | f7c5 fcff | ffff 742f | 41f6 c502 | 7529 4883 | 7808 0074 | 1e48 8378 
  0x000001d39acd9b80: 0801 7417 | 4d8b ea4c | 3368 0849 | f7c5 fcff | ffff 740b | 4883 4808 | 02eb 044c | 8968 0848 
  0x000001d39acd9ba0: 83c0 104c | 8b68 d841 | 83ed 0441 | c1e5 0349 | 03c5 4889 | 45d8 4c8d | 6c24 084c | 896d f0ff 
  0x000001d39acd9bc0: 6368 660f | 1f44 0000 
[/MachCode]

---------------  P R O C E S S  ---------------

Threads class SMR info:
_java_thread_list=0x000001d3aa7fe990, length=11, elements={
0x000001d38d481d90, 0x000001d3aa5e8f00, 0x000001d3aa62c6f0, 0x000001d3aa62d150,
0x000001d3aa648de0, 0x000001d3aa649840, 0x000001d3aa64b350, 0x000001d3aa64d490,
0x000001d3aa65ef20, 0x000001d3aa670ea0, 0x000001d3aa81e1f0
}

Java Threads: ( => current thread )
=>0x000001d38d481d90 JavaThread "main"                              [_thread_in_vm, id=14948, stack(0x00000032e5700000,0x00000032e5800000) (1024K)]
  0x000001d3aa5e8f00 JavaThread "Common-Cleaner"             daemon [_thread_blocked, id=3484, stack(0x00000032e5f00000,0x00000032e6000000) (1024K)]
  0x000001d3aa62c6f0 JavaThread "Reference Handler"          daemon [_thread_blocked, id=20916, stack(0x00000032e6000000,0x00000032e6100000) (1024K)]
  0x000001d3aa62d150 JavaThread "Finalizer"                  daemon [_thread_blocked, id=21716, stack(0x00000032e6100000,0x00000032e6200000) (1024K)]
  0x000001d3aa648de0 JavaThread "Signal Dispatcher"          daemon [_thread_blocked, id=20676, stack(0x00000032e6200000,0x00000032e6300000) (1024K)]
  0x000001d3aa649840 JavaThread "Attach Listener"            daemon [_thread_blocked, id=8004, stack(0x00000032e6300000,0x00000032e6400000) (1024K)]
  0x000001d3aa64b350 JavaThread "Service Thread"             daemon [_thread_blocked, id=19340, stack(0x00000032e6400000,0x00000032e6500000) (1024K)]
  0x000001d3aa64d490 JavaThread "Monitor Deflation Thread"   daemon [_thread_blocked, id=12436, stack(0x00000032e6500000,0x00000032e6600000) (1024K)]
  0x000001d3aa65ef20 JavaThread "C2 CompilerThread0"         daemon [_thread_blocked, id=21020, stack(0x00000032e6600000,0x00000032e6700000) (1024K)]
  0x000001d3aa670ea0 JavaThread "C1 CompilerThread0"         daemon [_thread_blocked, id=23452, stack(0x00000032e6700000,0x00000032e6800000) (1024K)]
  0x000001d3aa81e1f0 JavaThread "Notification Thread"        daemon [_thread_blocked, id=15996, stack(0x00000032e6800000,0x00000032e6900000) (1024K)]
Total: 11

Other Threads:
  0x000001d3aa5a8560 VMThread "VM Thread"                           [id=23012, stack(0x00000032e5e00000,0x00000032e5f00000) (1024K)] _threads_hazard_ptr=0x000001d3aa7fe990
  0x000001d3aa3f3c30 WatcherThread "VM Periodic Task Thread"        [id=23048, stack(0x00000032e5d00000,0x00000032e5e00000) (1024K)]
  0x000001d38f781a70 WorkerThread "GC Thread#0"                     [id=11492, stack(0x00000032e5800000,0x00000032e5900000) (1024K)]
  0x000001d38f792620 ConcurrentGCThread "G1 Main Marker"            [id=14776, stack(0x00000032e5900000,0x00000032e5a00000) (1024K)]
  0x000001d38f793fb0 WorkerThread "G1 Conc#0"                       [id=13092, stack(0x00000032e5a00000,0x00000032e5b00000) (1024K)]
  0x000001d3aa2c60c0 ConcurrentGCThread "G1 Refine#0"               [id=18940, stack(0x00000032e5b00000,0x00000032e5c00000) (1024K)]
  0x000001d3aa2c6a50 ConcurrentGCThread "G1 Service"                [id=2552, stack(0x00000032e5c00000,0x00000032e5d00000) (1024K)]
Total: 7

Threads with active compile tasks:
Total: 0

VM state: synchronizing (normal execution)

VM Mutex/Monitor currently owned by a thread:  ([mutex/lock_event])
[0x00007ffd840a7b20] Metaspace_lock - owner thread: 0x000001d38d481d90
[0x00007ffd840a9d20] Threads_lock - owner thread: 0x000001d3aa5a8560

Heap address: 0x0000000704400000, size: 4028 MB, Compressed Oops mode: Zero based, Oop shift amount: 3

CDS archive(s) not mapped
Compressed class space mapped at: 0x0000000800000000-0x0000000840000000, reserved size: 1073741824
Narrow klass base: 0x0000000800000000, Narrow klass shift: 0, Narrow klass range: 0x40000000

GC Precious Log:
 CardTable entry size: 512
 Card Set container configuration: InlinePtr #cards 4 size 8 Array Of Cards #cards 16 size 48 Howl #buckets 8 coarsen threshold 3686 Howl Bitmap #cards 512 size 80 coarsen threshold 460 Card regions per heap region 1 cards per card region 4096
 CPUs: 8 total, 8 available
 Memory: 16108M
 Large Page Support: Disabled
 NUMA Support: Disabled
 Compressed Oops: Enabled (Zero based)
 Heap Region Size: 2M
 Heap Min Capacity: 8M
 Heap Initial Capacity: 252M
 Heap Max Capacity: 4028M
 Pre-touch: Disabled
 Parallel Workers: 8
 Concurrent Workers: 2
 Concurrent Refinement Workers: 8
 Periodic GC: Disabled

Heap:
 garbage-first heap   total 258048K, used 4096K [0x0000000704400000, 0x0000000800000000)
  region size 2048K, 3 young (6144K), 0 survivors (0K)
 Metaspace       used 9160K, committed 9280K, reserved 1114112K
  class space    used 791K, committed 896K, reserved 1048576K

Heap Regions: E=young(eden), S=young(survivor), O=old, HS=humongous(starts), HC=humongous(continues), CS=collection set, F=free, TAMS=top-at-mark-start, PB=parsable bottom
|   0|0x0000000704400000, 0x0000000704400000, 0x0000000704600000|  0%| F|  |TAMS 0x0000000704400000| PB 0x0000000704400000| Untracked 
|   1|0x0000000704600000, 0x0000000704600000, 0x0000000704800000|  0%| F|  |TAMS 0x0000000704600000| PB 0x0000000704600000| Untracked 
|   2|0x0000000704800000, 0x0000000704800000, 0x0000000704a00000|  0%| F|  |TAMS 0x0000000704800000| PB 0x0000000704800000| Untracked 
|   3|0x0000000704a00000, 0x0000000704a00000, 0x0000000704c00000|  0%| F|  |TAMS 0x0000000704a00000| PB 0x0000000704a00000| Untracked 
|   4|0x0000000704c00000, 0x0000000704c00000, 0x0000000704e00000|  0%| F|  |TAMS 0x0000000704c00000| PB 0x0000000704c00000| Untracked 
|   5|0x0000000704e00000, 0x0000000704e00000, 0x0000000705000000|  0%| F|  |TAMS 0x0000000704e00000| PB 0x0000000704e00000| Untracked 
|   6|0x0000000705000000, 0x0000000705000000, 0x0000000705200000|  0%| F|  |TAMS 0x0000000705000000| PB 0x0000000705000000| Untracked 
|   7|0x0000000705200000, 0x0000000705200000, 0x0000000705400000|  0%| F|  |TAMS 0x0000000705200000| PB 0x0000000705200000| Untracked 
|   8|0x0000000705400000, 0x0000000705400000, 0x0000000705600000|  0%| F|  |TAMS 0x0000000705400000| PB 0x0000000705400000| Untracked 
|   9|0x0000000705600000, 0x0000000705600000, 0x0000000705800000|  0%| F|  |TAMS 0x0000000705600000| PB 0x0000000705600000| Untracked 
|  10|0x0000000705800000, 0x0000000705800000, 0x0000000705a00000|  0%| F|  |TAMS 0x0000000705800000| PB 0x0000000705800000| Untracked 
|  11|0x0000000705a00000, 0x0000000705a00000, 0x0000000705c00000|  0%| F|  |TAMS 0x0000000705a00000| PB 0x0000000705a00000| Untracked 
|  12|0x0000000705c00000, 0x0000000705c00000, 0x0000000705e00000|  0%| F|  |TAMS 0x0000000705c00000| PB 0x0000000705c00000| Untracked 
|  13|0x0000000705e00000, 0x0000000705e00000, 0x0000000706000000|  0%| F|  |TAMS 0x0000000705e00000| PB 0x0000000705e00000| Untracked 
|  14|0x0000000706000000, 0x0000000706000000, 0x0000000706200000|  0%| F|  |TAMS 0x0000000706000000| PB 0x0000000706000000| Untracked 
|  15|0x0000000706200000, 0x0000000706200000, 0x0000000706400000|  0%| F|  |TAMS 0x0000000706200000| PB 0x0000000706200000| Untracked 
|  16|0x0000000706400000, 0x0000000706400000, 0x0000000706600000|  0%| F|  |TAMS 0x0000000706400000| PB 0x0000000706400000| Untracked 
|  17|0x0000000706600000, 0x0000000706600000, 0x0000000706800000|  0%| F|  |TAMS 0x0000000706600000| PB 0x0000000706600000| Untracked 
|  18|0x0000000706800000, 0x0000000706800000, 0x0000000706a00000|  0%| F|  |TAMS 0x0000000706800000| PB 0x0000000706800000| Untracked 
|  19|0x0000000706a00000, 0x0000000706a00000, 0x0000000706c00000|  0%| F|  |TAMS 0x0000000706a00000| PB 0x0000000706a00000| Untracked 
|  20|0x0000000706c00000, 0x0000000706c00000, 0x0000000706e00000|  0%| F|  |TAMS 0x0000000706c00000| PB 0x0000000706c00000| Untracked 
|  21|0x0000000706e00000, 0x0000000706e00000, 0x0000000707000000|  0%| F|  |TAMS 0x0000000706e00000| PB 0x0000000706e00000| Untracked 
|  22|0x0000000707000000, 0x0000000707000000, 0x0000000707200000|  0%| F|  |TAMS 0x0000000707000000| PB 0x0000000707000000| Untracked 
|  23|0x0000000707200000, 0x0000000707200000, 0x0000000707400000|  0%| F|  |TAMS 0x0000000707200000| PB 0x0000000707200000| Untracked 
|  24|0x0000000707400000, 0x0000000707400000, 0x0000000707600000|  0%| F|  |TAMS 0x0000000707400000| PB 0x0000000707400000| Untracked 
|  25|0x0000000707600000, 0x0000000707600000, 0x0000000707800000|  0%| F|  |TAMS 0x0000000707600000| PB 0x0000000707600000| Untracked 
|  26|0x0000000707800000, 0x0000000707800000, 0x0000000707a00000|  0%| F|  |TAMS 0x0000000707800000| PB 0x0000000707800000| Untracked 
|  27|0x0000000707a00000, 0x0000000707a00000, 0x0000000707c00000|  0%| F|  |TAMS 0x0000000707a00000| PB 0x0000000707a00000| Untracked 
|  28|0x0000000707c00000, 0x0000000707c00000, 0x0000000707e00000|  0%| F|  |TAMS 0x0000000707c00000| PB 0x0000000707c00000| Untracked 
|  29|0x0000000707e00000, 0x0000000707e00000, 0x0000000708000000|  0%| F|  |TAMS 0x0000000707e00000| PB 0x0000000707e00000| Untracked 
|  30|0x0000000708000000, 0x0000000708000000, 0x0000000708200000|  0%| F|  |TAMS 0x0000000708000000| PB 0x0000000708000000| Untracked 
|  31|0x0000000708200000, 0x0000000708200000, 0x0000000708400000|  0%| F|  |TAMS 0x0000000708200000| PB 0x0000000708200000| Untracked 
|  32|0x0000000708400000, 0x0000000708400000, 0x0000000708600000|  0%| F|  |TAMS 0x0000000708400000| PB 0x0000000708400000| Untracked 
|  33|0x0000000708600000, 0x0000000708600000, 0x0000000708800000|  0%| F|  |TAMS 0x0000000708600000| PB 0x0000000708600000| Untracked 
|  34|0x0000000708800000, 0x0000000708800000, 0x0000000708a00000|  0%| F|  |TAMS 0x0000000708800000| PB 0x0000000708800000| Untracked 
|  35|0x0000000708a00000, 0x0000000708a00000, 0x0000000708c00000|  0%| F|  |TAMS 0x0000000708a00000| PB 0x0000000708a00000| Untracked 
|  36|0x0000000708c00000, 0x0000000708c00000, 0x0000000708e00000|  0%| F|  |TAMS 0x0000000708c00000| PB 0x0000000708c00000| Untracked 
|  37|0x0000000708e00000, 0x0000000708e00000, 0x0000000709000000|  0%| F|  |TAMS 0x0000000708e00000| PB 0x0000000708e00000| Untracked 
|  38|0x0000000709000000, 0x0000000709000000, 0x0000000709200000|  0%| F|  |TAMS 0x0000000709000000| PB 0x0000000709000000| Untracked 
|  39|0x0000000709200000, 0x0000000709200000, 0x0000000709400000|  0%| F|  |TAMS 0x0000000709200000| PB 0x0000000709200000| Untracked 
|  40|0x0000000709400000, 0x0000000709400000, 0x0000000709600000|  0%| F|  |TAMS 0x0000000709400000| PB 0x0000000709400000| Untracked 
|  41|0x0000000709600000, 0x0000000709600000, 0x0000000709800000|  0%| F|  |TAMS 0x0000000709600000| PB 0x0000000709600000| Untracked 
|  42|0x0000000709800000, 0x0000000709800000, 0x0000000709a00000|  0%| F|  |TAMS 0x0000000709800000| PB 0x0000000709800000| Untracked 
|  43|0x0000000709a00000, 0x0000000709a00000, 0x0000000709c00000|  0%| F|  |TAMS 0x0000000709a00000| PB 0x0000000709a00000| Untracked 
|  44|0x0000000709c00000, 0x0000000709c00000, 0x0000000709e00000|  0%| F|  |TAMS 0x0000000709c00000| PB 0x0000000709c00000| Untracked 
|  45|0x0000000709e00000, 0x0000000709e00000, 0x000000070a000000|  0%| F|  |TAMS 0x0000000709e00000| PB 0x0000000709e00000| Untracked 
|  46|0x000000070a000000, 0x000000070a000000, 0x000000070a200000|  0%| F|  |TAMS 0x000000070a000000| PB 0x000000070a000000| Untracked 
|  47|0x000000070a200000, 0x000000070a200000, 0x000000070a400000|  0%| F|  |TAMS 0x000000070a200000| PB 0x000000070a200000| Untracked 
|  48|0x000000070a400000, 0x000000070a400000, 0x000000070a600000|  0%| F|  |TAMS 0x000000070a400000| PB 0x000000070a400000| Untracked 
|  49|0x000000070a600000, 0x000000070a600000, 0x000000070a800000|  0%| F|  |TAMS 0x000000070a600000| PB 0x000000070a600000| Untracked 
|  50|0x000000070a800000, 0x000000070a800000, 0x000000070aa00000|  0%| F|  |TAMS 0x000000070a800000| PB 0x000000070a800000| Untracked 
|  51|0x000000070aa00000, 0x000000070aa00000, 0x000000070ac00000|  0%| F|  |TAMS 0x000000070aa00000| PB 0x000000070aa00000| Untracked 
|  52|0x000000070ac00000, 0x000000070ac00000, 0x000000070ae00000|  0%| F|  |TAMS 0x000000070ac00000| PB 0x000000070ac00000| Untracked 
|  53|0x000000070ae00000, 0x000000070ae00000, 0x000000070b000000|  0%| F|  |TAMS 0x000000070ae00000| PB 0x000000070ae00000| Untracked 
|  54|0x000000070b000000, 0x000000070b000000, 0x000000070b200000|  0%| F|  |TAMS 0x000000070b000000| PB 0x000000070b000000| Untracked 
|  55|0x000000070b200000, 0x000000070b200000, 0x000000070b400000|  0%| F|  |TAMS 0x000000070b200000| PB 0x000000070b200000| Untracked 
|  56|0x000000070b400000, 0x000000070b400000, 0x000000070b600000|  0%| F|  |TAMS 0x000000070b400000| PB 0x000000070b400000| Untracked 
|  57|0x000000070b600000, 0x000000070b600000, 0x000000070b800000|  0%| F|  |TAMS 0x000000070b600000| PB 0x000000070b600000| Untracked 
|  58|0x000000070b800000, 0x000000070b800000, 0x000000070ba00000|  0%| F|  |TAMS 0x000000070b800000| PB 0x000000070b800000| Untracked 
|  59|0x000000070ba00000, 0x000000070ba00000, 0x000000070bc00000|  0%| F|  |TAMS 0x000000070ba00000| PB 0x000000070ba00000| Untracked 
|  60|0x000000070bc00000, 0x000000070bc00000, 0x000000070be00000|  0%| F|  |TAMS 0x000000070bc00000| PB 0x000000070bc00000| Untracked 
|  61|0x000000070be00000, 0x000000070be00000, 0x000000070c000000|  0%| F|  |TAMS 0x000000070be00000| PB 0x000000070be00000| Untracked 
|  62|0x000000070c000000, 0x000000070c000000, 0x000000070c200000|  0%| F|  |TAMS 0x000000070c000000| PB 0x000000070c000000| Untracked 
|  63|0x000000070c200000, 0x000000070c200000, 0x000000070c400000|  0%| F|  |TAMS 0x000000070c200000| PB 0x000000070c200000| Untracked 
|  64|0x000000070c400000, 0x000000070c400000, 0x000000070c600000|  0%| F|  |TAMS 0x000000070c400000| PB 0x000000070c400000| Untracked 
|  65|0x000000070c600000, 0x000000070c600000, 0x000000070c800000|  0%| F|  |TAMS 0x000000070c600000| PB 0x000000070c600000| Untracked 
|  66|0x000000070c800000, 0x000000070c800000, 0x000000070ca00000|  0%| F|  |TAMS 0x000000070c800000| PB 0x000000070c800000| Untracked 
|  67|0x000000070ca00000, 0x000000070ca00000, 0x000000070cc00000|  0%| F|  |TAMS 0x000000070ca00000| PB 0x000000070ca00000| Untracked 
|  68|0x000000070cc00000, 0x000000070cc00000, 0x000000070ce00000|  0%| F|  |TAMS 0x000000070cc00000| PB 0x000000070cc00000| Untracked 
|  69|0x000000070ce00000, 0x000000070ce00000, 0x000000070d000000|  0%| F|  |TAMS 0x000000070ce00000| PB 0x000000070ce00000| Untracked 
|  70|0x000000070d000000, 0x000000070d000000, 0x000000070d200000|  0%| F|  |TAMS 0x000000070d000000| PB 0x000000070d000000| Untracked 
|  71|0x000000070d200000, 0x000000070d200000, 0x000000070d400000|  0%| F|  |TAMS 0x000000070d200000| PB 0x000000070d200000| Untracked 
|  72|0x000000070d400000, 0x000000070d400000, 0x000000070d600000|  0%| F|  |TAMS 0x000000070d400000| PB 0x000000070d400000| Untracked 
|  73|0x000000070d600000, 0x000000070d600000, 0x000000070d800000|  0%| F|  |TAMS 0x000000070d600000| PB 0x000000070d600000| Untracked 
|  74|0x000000070d800000, 0x000000070d800000, 0x000000070da00000|  0%| F|  |TAMS 0x000000070d800000| PB 0x000000070d800000| Untracked 
|  75|0x000000070da00000, 0x000000070da00000, 0x000000070dc00000|  0%| F|  |TAMS 0x000000070da00000| PB 0x000000070da00000| Untracked 
|  76|0x000000070dc00000, 0x000000070dc00000, 0x000000070de00000|  0%| F|  |TAMS 0x000000070dc00000| PB 0x000000070dc00000| Untracked 
|  77|0x000000070de00000, 0x000000070de00000, 0x000000070e000000|  0%| F|  |TAMS 0x000000070de00000| PB 0x000000070de00000| Untracked 
|  78|0x000000070e000000, 0x000000070e000000, 0x000000070e200000|  0%| F|  |TAMS 0x000000070e000000| PB 0x000000070e000000| Untracked 
|  79|0x000000070e200000, 0x000000070e200000, 0x000000070e400000|  0%| F|  |TAMS 0x000000070e200000| PB 0x000000070e200000| Untracked 
|  80|0x000000070e400000, 0x000000070e400000, 0x000000070e600000|  0%| F|  |TAMS 0x000000070e400000| PB 0x000000070e400000| Untracked 
|  81|0x000000070e600000, 0x000000070e600000, 0x000000070e800000|  0%| F|  |TAMS 0x000000070e600000| PB 0x000000070e600000| Untracked 
|  82|0x000000070e800000, 0x000000070e800000, 0x000000070ea00000|  0%| F|  |TAMS 0x000000070e800000| PB 0x000000070e800000| Untracked 
|  83|0x000000070ea00000, 0x000000070ea00000, 0x000000070ec00000|  0%| F|  |TAMS 0x000000070ea00000| PB 0x000000070ea00000| Untracked 
|  84|0x000000070ec00000, 0x000000070ec00000, 0x000000070ee00000|  0%| F|  |TAMS 0x000000070ec00000| PB 0x000000070ec00000| Untracked 
|  85|0x000000070ee00000, 0x000000070ee00000, 0x000000070f000000|  0%| F|  |TAMS 0x000000070ee00000| PB 0x000000070ee00000| Untracked 
|  86|0x000000070f000000, 0x000000070f000000, 0x000000070f200000|  0%| F|  |TAMS 0x000000070f000000| PB 0x000000070f000000| Untracked 
|  87|0x000000070f200000, 0x000000070f200000, 0x000000070f400000|  0%| F|  |TAMS 0x000000070f200000| PB 0x000000070f200000| Untracked 
|  88|0x000000070f400000, 0x000000070f400000, 0x000000070f600000|  0%| F|  |TAMS 0x000000070f400000| PB 0x000000070f400000| Untracked 
|  89|0x000000070f600000, 0x000000070f600000, 0x000000070f800000|  0%| F|  |TAMS 0x000000070f600000| PB 0x000000070f600000| Untracked 
|  90|0x000000070f800000, 0x000000070f800000, 0x000000070fa00000|  0%| F|  |TAMS 0x000000070f800000| PB 0x000000070f800000| Untracked 
|  91|0x000000070fa00000, 0x000000070fa00000, 0x000000070fc00000|  0%| F|  |TAMS 0x000000070fa00000| PB 0x000000070fa00000| Untracked 
|  92|0x000000070fc00000, 0x000000070fc00000, 0x000000070fe00000|  0%| F|  |TAMS 0x000000070fc00000| PB 0x000000070fc00000| Untracked 
|  93|0x000000070fe00000, 0x000000070fe00000, 0x0000000710000000|  0%| F|  |TAMS 0x000000070fe00000| PB 0x000000070fe00000| Untracked 
|  94|0x0000000710000000, 0x0000000710000000, 0x0000000710200000|  0%| F|  |TAMS 0x0000000710000000| PB 0x0000000710000000| Untracked 
|  95|0x0000000710200000, 0x0000000710200000, 0x0000000710400000|  0%| F|  |TAMS 0x0000000710200000| PB 0x0000000710200000| Untracked 
|  96|0x0000000710400000, 0x0000000710400000, 0x0000000710600000|  0%| F|  |TAMS 0x0000000710400000| PB 0x0000000710400000| Untracked 
|  97|0x0000000710600000, 0x0000000710600000, 0x0000000710800000|  0%| F|  |TAMS 0x0000000710600000| PB 0x0000000710600000| Untracked 
|  98|0x0000000710800000, 0x0000000710800000, 0x0000000710a00000|  0%| F|  |TAMS 0x0000000710800000| PB 0x0000000710800000| Untracked 
|  99|0x0000000710a00000, 0x0000000710a00000, 0x0000000710c00000|  0%| F|  |TAMS 0x0000000710a00000| PB 0x0000000710a00000| Untracked 
| 100|0x0000000710c00000, 0x0000000710c00000, 0x0000000710e00000|  0%| F|  |TAMS 0x0000000710c00000| PB 0x0000000710c00000| Untracked 
| 101|0x0000000710e00000, 0x0000000710e00000, 0x0000000711000000|  0%| F|  |TAMS 0x0000000710e00000| PB 0x0000000710e00000| Untracked 
| 102|0x0000000711000000, 0x0000000711000000, 0x0000000711200000|  0%| F|  |TAMS 0x0000000711000000| PB 0x0000000711000000| Untracked 
| 103|0x0000000711200000, 0x0000000711200000, 0x0000000711400000|  0%| F|  |TAMS 0x0000000711200000| PB 0x0000000711200000| Untracked 
| 104|0x0000000711400000, 0x0000000711400000, 0x0000000711600000|  0%| F|  |TAMS 0x0000000711400000| PB 0x0000000711400000| Untracked 
| 105|0x0000000711600000, 0x0000000711600000, 0x0000000711800000|  0%| F|  |TAMS 0x0000000711600000| PB 0x0000000711600000| Untracked 
| 106|0x0000000711800000, 0x0000000711800000, 0x0000000711a00000|  0%| F|  |TAMS 0x0000000711800000| PB 0x0000000711800000| Untracked 
| 107|0x0000000711a00000, 0x0000000711a00000, 0x0000000711c00000|  0%| F|  |TAMS 0x0000000711a00000| PB 0x0000000711a00000| Untracked 
| 108|0x0000000711c00000, 0x0000000711c00000, 0x0000000711e00000|  0%| F|  |TAMS 0x0000000711c00000| PB 0x0000000711c00000| Untracked 
| 109|0x0000000711e00000, 0x0000000711e00000, 0x0000000712000000|  0%| F|  |TAMS 0x0000000711e00000| PB 0x0000000711e00000| Untracked 
| 110|0x0000000712000000, 0x0000000712000000, 0x0000000712200000|  0%| F|  |TAMS 0x0000000712000000| PB 0x0000000712000000| Untracked 
| 111|0x0000000712200000, 0x0000000712200000, 0x0000000712400000|  0%| F|  |TAMS 0x0000000712200000| PB 0x0000000712200000| Untracked 
| 112|0x0000000712400000, 0x0000000712400000, 0x0000000712600000|  0%| F|  |TAMS 0x0000000712400000| PB 0x0000000712400000| Untracked 
| 113|0x0000000712600000, 0x0000000712600000, 0x0000000712800000|  0%| F|  |TAMS 0x0000000712600000| PB 0x0000000712600000| Untracked 
| 114|0x0000000712800000, 0x0000000712800000, 0x0000000712a00000|  0%| F|  |TAMS 0x0000000712800000| PB 0x0000000712800000| Untracked 
| 115|0x0000000712a00000, 0x0000000712a00000, 0x0000000712c00000|  0%| F|  |TAMS 0x0000000712a00000| PB 0x0000000712a00000| Untracked 
| 116|0x0000000712c00000, 0x0000000712c00000, 0x0000000712e00000|  0%| F|  |TAMS 0x0000000712c00000| PB 0x0000000712c00000| Untracked 
| 117|0x0000000712e00000, 0x0000000712e00000, 0x0000000713000000|  0%| F|  |TAMS 0x0000000712e00000| PB 0x0000000712e00000| Untracked 
| 118|0x0000000713000000, 0x0000000713000000, 0x0000000713200000|  0%| F|  |TAMS 0x0000000713000000| PB 0x0000000713000000| Untracked 
| 119|0x0000000713200000, 0x0000000713200000, 0x0000000713400000|  0%| F|  |TAMS 0x0000000713200000| PB 0x0000000713200000| Untracked 
| 120|0x0000000713400000, 0x0000000713400000, 0x0000000713600000|  0%| F|  |TAMS 0x0000000713400000| PB 0x0000000713400000| Untracked 
| 121|0x0000000713600000, 0x0000000713600000, 0x0000000713800000|  0%| F|  |TAMS 0x0000000713600000| PB 0x0000000713600000| Untracked 
| 122|0x0000000713800000, 0x0000000713800000, 0x0000000713a00000|  0%| F|  |TAMS 0x0000000713800000| PB 0x0000000713800000| Untracked 
| 123|0x0000000713a00000, 0x0000000713a70a50, 0x0000000713c00000| 22%| E|  |TAMS 0x0000000713a00000| PB 0x0000000713a00000| Complete 
| 124|0x0000000713c00000, 0x0000000713e00000, 0x0000000713e00000|100%| E|CS|TAMS 0x0000000713c00000| PB 0x0000000713c00000| Complete 
| 125|0x0000000713e00000, 0x0000000714000000, 0x0000000714000000|100%| E|CS|TAMS 0x0000000713e00000| PB 0x0000000713e00000| Complete 

Card table byte_map: [0x000001d3a32b0000,0x000001d3a3a90000] _byte_map_base: 0x000001d39fa8e000

Marking Bits: (CMBitMap*) 0x000001d38f782180
 Bits: [0x000001d3a3a90000, 0x000001d3a7980000)

Polling page: 0x000001d38d5b0000

Metaspace:

Usage:
  Non-class:      8.17 MB used.
      Class:    791.41 KB used.
       Both:      8.95 MB used.

Virtual space:
  Non-class space:       64.00 MB reserved,       8.19 MB ( 13%) committed,  1 nodes.
      Class space:        1.00 GB reserved,     896.00 KB ( <1%) committed,  1 nodes.
             Both:        1.06 GB reserved,       9.06 MB ( <1%) committed. 

Chunk freelists:
   Non-Class:  7.00 MB
       Class:  15.10 MB
        Both:  22.10 MB

MaxMetaspaceSize: unlimited
CompressedClassSpaceSize: 1.00 GB
Initial GC threshold: 21.00 MB
Current GC threshold: 21.00 MB
CDS: off
 - commit_granule_bytes: 65536.
 - commit_granule_words: 8192.
 - virtual_space_node_default_size: 8388608.
 - enlarge_chunks_in_place: 1.
 - use_allocation_guard: 0.


Internal statistics:

num_allocs_failed_limit: 0.
num_arena_births: 10.
num_arena_deaths: 0.
num_vsnodes_births: 2.
num_vsnodes_deaths: 0.
num_space_committed: 145.
num_space_uncommitted: 0.
num_chunks_returned_to_freelist: 0.
num_chunks_taken_from_freelist: 39.
num_chunk_merges: 0.
num_chunk_splits: 20.
num_chunks_enlarged: 13.
num_inconsistent_stats: 0.

CodeHeap 'non-profiled nmethods': size=120000Kb used=86Kb max_used=86Kb free=119913Kb
 bounds [0x000001d39b260000, 0x000001d39b4d0000, 0x000001d3a2790000]
CodeHeap 'profiled nmethods': size=120000Kb used=368Kb max_used=368Kb free=119631Kb
 bounds [0x000001d393790000, 0x000001d393a00000, 0x000001d39acc0000]
CodeHeap 'non-nmethods': size=5760Kb used=1367Kb max_used=1370Kb free=4392Kb
 bounds [0x000001d39acc0000, 0x000001d39af30000, 0x000001d39b260000]
CodeCache: size=245760Kb, used=1821Kb, max_used=1824Kb, free=243936Kb
 total_blobs=715, nmethods=281, adapters=339, full_count=0
Compilation: enabled, stopped_count=0, restarted_count=0

Compilation events (20 events):
Event: 6.371 Thread 0x000001d3aa670ea0  269       3       jdk.internal.org.objectweb.asm.ByteVector::putUTF8 (144 bytes)
Event: 6.372 Thread 0x000001d3aa670ea0 nmethod 269 0x000001d3937e8710 code [0x000001d3937e8980, 0x000001d3937e9418]
Event: 6.372 Thread 0x000001d3aa670ea0  270       3       jdk.internal.org.objectweb.asm.SymbolTable::hash (10 bytes)
Event: 6.372 Thread 0x000001d3aa670ea0 nmethod 270 0x000001d3937e9910 code [0x000001d3937e9ac0, 0x000001d3937e9bf0]
Event: 6.372 Thread 0x000001d3aa670ea0  272       3       java.lang.ref.Reference::<init> (25 bytes)
Event: 6.372 Thread 0x000001d3aa670ea0 nmethod 272 0x000001d3937e9d10 code [0x000001d3937e9ec0, 0x000001d3937ea140]
Event: 6.372 Thread 0x000001d3aa670ea0  273       3       jdk.internal.org.objectweb.asm.Symbol::<init> (38 bytes)
Event: 6.372 Thread 0x000001d3aa670ea0 nmethod 273 0x000001d3937ea210 code [0x000001d3937ea3c0, 0x000001d3937ea668]
Event: 6.372 Thread 0x000001d3aa670ea0  274       3       jdk.internal.org.objectweb.asm.SymbolTable::put (150 bytes)
Event: 6.372 Thread 0x000001d3aa670ea0 nmethod 274 0x000001d3937ea790 code [0x000001d3937ea980, 0x000001d3937eb218]
Event: 6.372 Thread 0x000001d3aa670ea0  277       3       jdk.internal.util.ReferencedKeyMap::lookupKey (9 bytes)
Event: 6.372 Thread 0x000001d3aa670ea0 nmethod 277 0x000001d3937eb510 code [0x000001d3937eb6c0, 0x000001d3937eb948]
Event: 6.372 Thread 0x000001d3aa670ea0  278       3       jdk.internal.util.StrongReferenceKey::<init> (10 bytes)
Event: 6.372 Thread 0x000001d3aa670ea0 nmethod 278 0x000001d3937eba90 code [0x000001d3937ebc40, 0x000001d3937ebe00]
Event: 6.372 Thread 0x000001d3aa670ea0  276       1       java.lang.invoke.MethodHandle::type (5 bytes)
Event: 6.372 Thread 0x000001d3aa670ea0 nmethod 276 0x000001d39b275390 code [0x000001d39b275520, 0x000001d39b2755f0]
Event: 6.373 Thread 0x000001d3aa670ea0  280       3       java.lang.invoke.MethodType::parameterType (7 bytes)
Event: 6.373 Thread 0x000001d3aa670ea0 nmethod 280 0x000001d3937ebe90 code [0x000001d3937ec020, 0x000001d3937ec160]
Event: 6.373 Thread 0x000001d3aa670ea0  281       1       jdk.internal.util.WeakReferenceKey::hashCode (5 bytes)
Event: 6.374 Thread 0x000001d3aa670ea0 nmethod 281 0x000001d39b275690 code [0x000001d39b275820, 0x000001d39b2758e8]

GC Heap History (0 events):
No events

Dll operation events (2 events):
Event: 0.011 Loaded shared library C:\Program Files\JetBrains\IntelliJ IDEA 2025.3.3\jbr\bin\java.dll
Event: 3.141 Loaded shared library C:\Program Files\JetBrains\IntelliJ IDEA 2025.3.3\jbr\bin\zip.dll

Deoptimization events (0 events):
No events

Classes loaded (20 events):
Event: 6.375 Loading class java/time/chrono/ChronoZonedDateTime
Event: 6.375 Loading class java/time/chrono/ChronoZonedDateTime done
Event: 6.375 Loading class java/time/ZonedDateTime done
Event: 6.375 Loading class java/time/LocalDate
Event: 6.376 Loading class java/time/chrono/ChronoLocalDate
Event: 6.376 Loading class java/time/chrono/ChronoLocalDate done
Event: 6.376 Loading class java/time/LocalDate done
Event: 6.376 Loading class java/time/temporal/ChronoField
Event: 6.376 Loading class java/time/temporal/TemporalField
Event: 6.376 Loading class java/time/temporal/TemporalField done
Event: 6.376 Loading class java/time/temporal/ChronoField done
Event: 6.376 Loading class java/time/temporal/ChronoUnit
Event: 6.376 Loading class java/time/temporal/TemporalUnit
Event: 6.376 Loading class java/time/temporal/TemporalUnit done
Event: 6.376 Loading class java/time/temporal/ChronoUnit done
Event: 6.376 Loading class java/time/Duration
Event: 6.377 Loading class java/time/temporal/TemporalAmount
Event: 6.377 Loading class java/time/temporal/TemporalAmount done
Event: 6.377 Loading class java/time/Duration done
Event: 6.377 Loading class java/time/temporal/ValueRange

Classes unloaded (0 events):
No events

Classes redefined (0 events):
No events

Internal exceptions (0 events):
No events

ZGC Phase Switch (0 events):
No events

VM Operations (9 events):
Event: 3.261 Executing non-safepoint VM operation: HandshakeAllThreads (Deoptimize)
Event: 3.261 Executing non-safepoint VM operation: HandshakeAllThreads (Deoptimize) done
Event: 3.270 Executing non-safepoint VM operation: HandshakeAllThreads (Deoptimize)
Event: 3.270 Executing non-safepoint VM operation: HandshakeAllThreads (Deoptimize) done
Event: 4.284 Executing safepoint VM operation: Cleanup
Event: 5.363 Executing safepoint VM operation: Cleanup done
Event: 6.367 Executing safepoint VM operation: Cleanup
Event: 6.367 Executing safepoint VM operation: Cleanup done
Event: 7.379 Executing safepoint VM operation: Cleanup

Memory protections (0 events):
No events

Nmethod flushes (0 events):
No events

Events (16 events):
Event: 3.135 Thread 0x000001d38d481d90 Thread added: 0x000001d38d481d90
Event: 3.192 Thread 0x000001d38d481d90 Thread added: 0x000001d3aa5e8f00
Event: 3.203 Thread 0x000001d38d481d90 Thread added: 0x000001d3aa62c6f0
Event: 3.203 Thread 0x000001d38d481d90 Thread added: 0x000001d3aa62d150
Event: 3.204 Thread 0x000001d38d481d90 Thread added: 0x000001d3aa648de0
Event: 3.204 Thread 0x000001d38d481d90 Thread added: 0x000001d3aa649840
Event: 3.204 Thread 0x000001d38d481d90 Thread added: 0x000001d3aa64b350
Event: 3.204 Thread 0x000001d38d481d90 Thread added: 0x000001d3aa64d490
Event: 3.204 Thread 0x000001d38d481d90 Thread added: 0x000001d3aa65ef20
Event: 3.204 Thread 0x000001d38d481d90 Thread added: 0x000001d3aa670ea0
Event: 3.231 Thread 0x000001d38d481d90 Thread added: 0x000001d3aa81e1f0
Event: 3.245 Loaded shared library C:\Program Files\JetBrains\IntelliJ IDEA 2025.3.3\jbr\bin\net.dll
Event: 3.249 Loaded shared library C:\Program Files\JetBrains\IntelliJ IDEA 2025.3.3\jbr\bin\nio.dll
Event: 3.256 Loaded shared library C:\Program Files\JetBrains\IntelliJ IDEA 2025.3.3\jbr\bin\zip.dll
Event: 3.310 Loaded shared library C:\Program Files\JetBrains\IntelliJ IDEA 2025.3.3\jbr\bin\jimage.dll
Event: 3.331 Loaded shared library C:\Program Files\JetBrains\IntelliJ IDEA 2025.3.3\jbr\bin\sunmscapi.dll


Dynamic libraries:
0x00007ff765290000 - 0x00007ff76529a000 	C:\Program Files\JetBrains\IntelliJ IDEA 2025.3.3\jbr\bin\java.exe
0x00007ffdf9240000 - 0x00007ffdf94a8000 	C:\WINDOWS\SYSTEM32\ntdll.dll
0x00007ffdf7be0000 - 0x00007ffdf7ca9000 	C:\WINDOWS\System32\KERNEL32.DLL
0x00007ffdf5e00000 - 0x00007ffdf61f1000 	C:\WINDOWS\System32\KERNELBASE.dll
0x00007ffdf6200000 - 0x00007ffdf634b000 	C:\WINDOWS\System32\ucrtbase.dll
0x00007ffdc4d90000 - 0x00007ffdc4dab000 	C:\Program Files\JetBrains\IntelliJ IDEA 2025.3.3\jbr\bin\VCRUNTIME140.dll
0x00007ffddfc50000 - 0x00007ffddfc68000 	C:\Program Files\JetBrains\IntelliJ IDEA 2025.3.3\jbr\bin\jli.dll
0x00007ffdf8b70000 - 0x00007ffdf8d36000 	C:\WINDOWS\System32\USER32.dll
0x00007ffdf6480000 - 0x00007ffdf64a7000 	C:\WINDOWS\System32\win32u.dll
0x00007ffdf8ab0000 - 0x00007ffdf8adb000 	C:\WINDOWS\System32\GDI32.dll
0x00007ffdf6350000 - 0x00007ffdf647b000 	C:\WINDOWS\System32\gdi32full.dll
0x00007ffde0ad0000 - 0x00007ffde0d63000 	C:\WINDOWS\WinSxS\amd64_microsoft.windows.common-controls_6595b64144ccf1df_6.0.26100.7824_none_3e0870b2e3345462\COMCTL32.dll
0x00007ffdf5d50000 - 0x00007ffdf5df3000 	C:\WINDOWS\System32\msvcp_win.dll
0x00007ffdf7f40000 - 0x00007ffdf7fe9000 	C:\WINDOWS\System32\msvcrt.dll
0x00007ffdf8fe0000 - 0x00007ffdf9011000 	C:\WINDOWS\System32\IMM32.DLL
0x00007ffdef320000 - 0x00007ffdef32c000 	C:\Program Files\JetBrains\IntelliJ IDEA 2025.3.3\jbr\bin\vcruntime140_1.dll
0x00007ffdd27a0000 - 0x00007ffdd282d000 	C:\Program Files\JetBrains\IntelliJ IDEA 2025.3.3\jbr\bin\msvcp140.dll
0x00007ffd833d0000 - 0x00007ffd8419d000 	C:\Program Files\JetBrains\IntelliJ IDEA 2025.3.3\jbr\bin\server\jvm.dll
0x00007ffdf8750000 - 0x00007ffdf8804000 	C:\WINDOWS\System32\ADVAPI32.dll
0x00007ffdf8810000 - 0x00007ffdf88b6000 	C:\WINDOWS\System32\sechost.dll
0x00007ffdf7040000 - 0x00007ffdf7158000 	C:\WINDOWS\System32\RPCRT4.dll
0x00007ffdf8af0000 - 0x00007ffdf8b64000 	C:\WINDOWS\System32\WS2_32.dll
0x00007ffde5540000 - 0x00007ffde554b000 	C:\WINDOWS\SYSTEM32\VERSION.dll
0x00007ffdee620000 - 0x00007ffdee655000 	C:\WINDOWS\SYSTEM32\WINMM.dll
0x00007ffdf5980000 - 0x00007ffdf59de000 	C:\WINDOWS\SYSTEM32\POWRPROF.dll
0x00007ffdf5960000 - 0x00007ffdf5974000 	C:\WINDOWS\SYSTEM32\UMPDC.dll
0x00007ffdf4880000 - 0x00007ffdf489b000 	C:\WINDOWS\SYSTEM32\kernel.appcore.dll
0x00007ffdc4d80000 - 0x00007ffdc4d8a000 	C:\Program Files\JetBrains\IntelliJ IDEA 2025.3.3\jbr\bin\jimage.dll
0x00007ffdf3a40000 - 0x00007ffdf3c82000 	C:\WINDOWS\SYSTEM32\DBGHELP.DLL
0x00007ffdf7850000 - 0x00007ffdf7bd6000 	C:\WINDOWS\System32\combase.dll
0x00007ffdf8980000 - 0x00007ffdf8a57000 	C:\WINDOWS\System32\OLEAUT32.dll
0x00007ffdee5e0000 - 0x00007ffdee61b000 	C:\WINDOWS\SYSTEM32\dbgcore.DLL
0x00007ffdf5ca0000 - 0x00007ffdf5d45000 	C:\WINDOWS\System32\bcryptPrimitives.dll
0x00007ffdba2f0000 - 0x00007ffdba310000 	C:\Program Files\JetBrains\IntelliJ IDEA 2025.3.3\jbr\bin\java.dll
0x00007ffdba2d0000 - 0x00007ffdba2e8000 	C:\Program Files\JetBrains\IntelliJ IDEA 2025.3.3\jbr\bin\zip.dll
0x00007ffdf7ff0000 - 0x00007ffdf8742000 	C:\WINDOWS\System32\SHELL32.dll
0x00007ffdf6600000 - 0x00007ffdf676a000 	C:\WINDOWS\System32\wintypes.dll
0x00007ffdf6770000 - 0x00007ffdf6fd3000 	C:\WINDOWS\System32\windows.storage.dll
0x00007ffdf8d50000 - 0x00007ffdf8e46000 	C:\WINDOWS\System32\SHCORE.dll
0x00007ffdf7d30000 - 0x00007ffdf7d97000 	C:\WINDOWS\System32\shlwapi.dll
0x00007ffdf5a40000 - 0x00007ffdf5a69000 	C:\WINDOWS\SYSTEM32\profapi.dll
0x00007ffdc4d70000 - 0x00007ffdc4d80000 	C:\Program Files\JetBrains\IntelliJ IDEA 2025.3.3\jbr\bin\net.dll
0x00007ffde7240000 - 0x00007ffde7367000 	C:\WINDOWS\SYSTEM32\WINHTTP.dll
0x00007ffdf4dd0000 - 0x00007ffdf4e3b000 	C:\WINDOWS\system32\mswsock.dll
0x00007ffdba2b0000 - 0x00007ffdba2c6000 	C:\Program Files\JetBrains\IntelliJ IDEA 2025.3.3\jbr\bin\nio.dll
0x00007ffd83190000 - 0x00007ffd8319e000 	C:\Program Files\JetBrains\IntelliJ IDEA 2025.3.3\jbr\bin\sunmscapi.dll
0x00007ffdf5b20000 - 0x00007ffdf5c97000 	C:\WINDOWS\System32\CRYPT32.dll
0x00007ffdf5320000 - 0x00007ffdf5350000 	C:\WINDOWS\SYSTEM32\ncrypt.dll
0x00007ffdf52d0000 - 0x00007ffdf530f000 	C:\WINDOWS\SYSTEM32\NTASN1.dll

JVMTI agents: none

dbghelp: loaded successfully - version: 4.0.5 - missing functions: none
symbol engine: initialized successfully - sym options: 0x614 - pdb path: .;C:\Program Files\JetBrains\IntelliJ IDEA 2025.3.3\jbr\bin;C:\WINDOWS\SYSTEM32;C:\WINDOWS\WinSxS\amd64_microsoft.windows.common-controls_6595b64144ccf1df_6.0.26100.7824_none_3e0870b2e3345462;C:\Program Files\JetBrains\IntelliJ IDEA 2025.3.3\jbr\bin\server

VM Arguments:
java_command: git4idea.http.GitAskPassApp Username for 'https://github.com': 
java_class_path (initial): C:/Program Files/JetBrains/IntelliJ IDEA 2025.3.3/plugins/vcs-git/lib/git4idea-rt.jar;C:/Program Files/JetBrains/IntelliJ IDEA 2025.3.3/lib/externalProcess-rt.jar
Launcher Type: SUN_STANDARD

[Global flags]
     intx CICompilerCount                          = 4                                         {product} {ergonomic}
     uint ConcGCThreads                            = 2                                         {product} {ergonomic}
     uint G1ConcRefinementThreads                  = 8                                         {product} {ergonomic}
   size_t G1HeapRegionSize                         = 2097152                                   {product} {ergonomic}
    uintx GCDrainStackTargetSize                   = 64                                        {product} {ergonomic}
   size_t InitialHeapSize                          = 264241152                                 {product} {ergonomic}
   size_t MarkStackSize                            = 4194304                                   {product} {ergonomic}
   size_t MaxHeapSize                              = 4223664128                                {product} {ergonomic}
   size_t MaxNewSize                               = 2533359616                                {product} {ergonomic}
   size_t MinHeapDeltaBytes                        = 2097152                                   {product} {ergonomic}
   size_t MinHeapSize                              = 8388608                                   {product} {ergonomic}
    uintx NonNMethodCodeHeapSize                   = 5839372                                {pd product} {ergonomic}
    uintx NonProfiledCodeHeapSize                  = 122909434                              {pd product} {ergonomic}
    uintx ProfiledCodeHeapSize                     = 122909434                              {pd product} {ergonomic}
    uintx ReservedCodeCacheSize                    = 251658240                              {pd product} {ergonomic}
     bool SegmentedCodeCache                       = true                                      {product} {ergonomic}
   size_t SoftMaxHeapSize                          = 4223664128                             {manageable} {ergonomic}
     bool UseCompressedOops                        = true                           {product lp64_product} {ergonomic}
     bool UseG1GC                                  = true                                      {product} {ergonomic}
     bool UseLargePagesIndividualAllocation        = false                                  {pd product} {ergonomic}

Logging:
Log output configuration:
 #0: stdout all=warning uptime,level,tags foldmultilines=false
 #1: stderr all=off uptime,level,tags foldmultilines=false

Release file:
JAVA_VERSION="21.0.10" 
MODULES="java.base java.datatransfer java.xml java.prefs java.desktop gluegen.rt java.compiler java.instrument java.logging java.management java.security.sasl java.naming java.rmi java.management.rmi java.net.http java.scripting java.security.jgss java.transaction.xa java.sql java.sql.rowset java.xml.crypto java.se java.smartcardio jogl.all jcef jdk.accessibility jdk.internal.jvmstat jdk.attach jdk.charsets jdk.internal.opt jdk.zipfs jdk.compiler jdk.crypto.ec jdk.crypto.cryptoki jdk.crypto.mscapi jdk.dynalink jdk.hotspot.agent jdk.httpserver jdk.internal.ed jdk.internal.le jdk.internal.vm.ci jdk.javadoc jdk.jcmd jdk.jdwp.agent jdk.jdi jdk.jfr jdk.jsobject jdk.localedata jdk.management jdk.management.agent jdk.management.jfr jdk.naming.dns jdk.naming.rmi jdk.net jdk.sctp jdk.security.auth jdk.security.jgss jdk.unsupported jdk.unsupported.desktop jdk.xml.dom" 
IMPLEMENTOR="JetBrains s.r.o." 
IMPLEMENTOR_VERSION="JBR-21.0.10+1-1163.108-jcef" 
JAVA_RUNTIME_VERSION="21.0.10+1-b1163.108" 
LIBC="default" 
OS_ARCH="x86_64" 
OS_NAME="Windows" 
SOURCE=".:git:f6c01ae40b16+ jcef_git:git:4a605f44671a" 
JCEF_VERSION="137.0.17.1107+ge397b56" 
JCEF_COMMIT_HASH="e397b569415d3c67b114495985454e5201955573" 

Environment Variables:
JAVA_HOME=C:\Program Files\Java\jdk-11
PATH=C:\Program Files\Git\mingw64\libexec\git-core;C:\Program Files\Git\mingw64\libexec\git-core;C:\Program Files\Git\mingw64\bin;C:\Program Files\Git\usr\bin;C:\Users\admin H\AppData\Roaming\SPB_Data\bin;C:\oraclexe\app\oracle\product\11.2.0\server\bin;C:\Program Files\Amazon Corretto\jdk21.0.9_10\bin;C:\Program Files\Common Files\Oracle\Java\javapath;C:\Program Files (x86)\Razer Chroma SDK\bin;C:\Program Files\Razer Chroma SDK\bin;C:\Program Files (x86)\Razer\ChromaBroadcast\bin;C:\Program Files\Razer\ChromaBroadcast\bin;C:\WINDOWS\system32;C:\WINDOWS;C:\WINDOWS\System32\Wbem;C:\WINDOWS\System32\WindowsPowerShell\v1.0;C:\WINDOWS\System32\OpenSSH;C:\WINDOWS\system32\config\systemprofile\AppData\Local\Microsoft\WindowsApps;C:\Program Files\dotnet;C:\WINDOWS\system32;C:\WINDOWS;C:\WINDOWS\System32\Wbem;C:\WINDOWS\System32\WindowsPowerShell\v1.0;C:\WINDOWS\System32\OpenSSH;C:\ProgramData\chocolatey\bin;C:\Program Files\Amazon Corretto\jdk21.0.9_10;%HADOOP__HOME%;%SPARK_HOME%;%PYSPARK_PYTHON%;C:\Program Files (x86)\Windows Kits\10\Windows Performance Toolkit;C:\Program Files\cursor\resources\app\bin;C:\Program Files\Git\cmd;C:\Program Files\MySQL\MySQL Shell 8.0\bin;C:\Users\admin H\.local\bin;C:\Users\admin H\AppData\Local\Microsoft\WindowsApps;C:\Program Files\Bandizip;C:\Users\admin H\AppData\Local\afreeca;C:\Users\admin H\AppData\Local\GitHubDesktop\bin;C:\Users\admin H\AppData\Local\Programs\Microsoft VS Code\bin;C:\Users\admin H\AppData\Roaming\npm;C:\Users\admin H\.dotnet\tools;C:\Users\admin H\AppData\Local\Programs\cursor\resources\app\bin;C:\Program Files\JetBrains\IntelliJ IDEA 2025.3.3\bin
USERNAME=admin H
DISPLAY=:0.0
LC_ALL=en_US.UTF-8
TERM=xterm-256color
TMPDIR=C:\Users\ADMINH~1\AppData\Local\Temp
OS=Windows_NT
PROCESSOR_IDENTIFIER=Intel64 Family 6 Model 140 Stepping 1, GenuineIntel
TMP=C:\Users\ADMINH~1\AppData\Local\Temp
TEMP=C:\Users\ADMINH~1\AppData\Local\Temp




Periodic native trim disabled

JNI global refs:
JNI global refs: 9, weak refs: 0

JNI global refs memory usage: 835, weak refs: 201

Process memory usage:
Resident Set Size: 47096K (0% of 16494776K total physical memory with 4721584K free physical memory)

OOME stack traces (most recent first):
Classloader memory used:
Loader bootstrap                                                                       : 8992K
Loader jdk.internal.loader.ClassLoaders$PlatformClassLoader                            : 141K
Loader jdk.internal.loader.ClassLoaders$AppClassLoader                                 : 28032B

---------------  S Y S T E M  ---------------

OS:
 Windows 11 , 64 bit Build 26100 (10.0.26100.7705)
OS uptime: 1 days 1:39 hours
Hyper-V role detected

CPU: total 8 (initial active 8) (4 cores per cpu, 2 threads per core) family 6 model 140 stepping 1 microcode 0x8a, cx8, cmov, fxsr, ht, mmx, 3dnowpref, sse, sse2, sse3, ssse3, sse4.1, sse4.2, popcnt, lzcnt, tsc, tscinvbit, avx, avx2, aes, erms, clmul, bmi1, bmi2, adx, avx512f, avx512dq, avx512cd, avx512bw, avx512vl, sha, fma, vzeroupper, avx512_vpopcntdq, avx512_vpclmulqdq, avx512_vaes, avx512_vnni, clflush, clflushopt, clwb, avx512_vbmi2, avx512_vbmi, hv, rdtscp, rdpid, fsrm, gfni, avx512_bitalg, f16c, cet_ibt, cet_ss, avx512_ifma
Processor Information for the first 8 processors :
  Max Mhz: 2419, Current Mhz: 2419, Mhz Limit: 2419

Memory: 4k page, system-wide physical 16108M (4610M free)
TotalPageFile size 16108M (AvailPageFile size 1M)
current process WorkingSet (physical memory assigned to process): 46M, peak: 46M
current process commit charge ("private bytes"): 335M, peak: 346M

vm_info: OpenJDK 64-Bit Server VM (21.0.10+1-b1163.108) for windows-amd64 JRE (21.0.10+1-b1163.108), built on 2026-02-06 by "builduser" with MS VC++ 16.10 / 16.11 (VS2019)

END.
