#
# There is insufficient memory for the Java Runtime Environment to continue.
# Native memory allocation (mmap) failed to map 264241152 bytes. Error detail: G1 virtual space
# Possible reasons:
#   The system is out of physical RAM or swap space
#   This process is running with CompressedOops enabled, and the Java Heap may be blocking the growth of the native heap
# Possible solutions:
#   Reduce memory load on the system
#   Increase physical memory or swap space
#   Check if swap backing store is full
#   Decrease Java heap size (-Xmx/-Xms)
#   Decrease number of Java threads
#   Decrease Java thread stack sizes (-Xss)
#   Set larger code cache with -XX:ReservedCodeCacheSize=
#   JVM is running with Zero Based Compressed Oops mode in which the Java heap is
#     placed in the first 32GB address space. The Java Heap base address is the
#     maximum limit for the native heap growth. Please use -XX:HeapBaseMinAddress
#     to set the Java Heap base and to place the Java Heap above 32GB virtual address.
# This output file may be truncated or incomplete.
#
#  Out of Memory Error (os_windows.cpp:3737), pid=11472, tid=13752
#
# JRE version:  (21.0.10+7) (build )
# Java VM: OpenJDK 64-Bit Server VM (21.0.10+7-LTS, mixed mode, emulated-client, sharing, tiered, compressed oops, compressed class ptrs, g1 gc, windows-amd64)
# No core dump will be written. Minidumps are not enabled by default on client versions of Windows
#

---------------  S U M M A R Y ------------

Command Line: -XX:TieredStopAtLevel=1 -Dspring.output.ansi.enabled=always -Dcom.sun.management.jmxremote -Dspring.jmx.enabled=true -Dspring.liveBeansView.mbeanDomain -Dspring.application.admin.enabled=true -Dmanagement.endpoints.jmx.exposure.include=* -javaagent:C:\Program Files\JetBrains\IntelliJ IDEA 2025.3.3\lib\idea_rt.jar=51736 -Dfile.encoding=UTF-8 -Dsun.stdout.encoding=UTF-8 -Dsun.stderr.encoding=UTF-8 com.board.springboard.SpringBoardApplication

Host: 11th Gen Intel(R) Core(TM) i5-1135G7 @ 2.40GHz, 8 cores, 15G,  Windows 11 , 64 bit Build 26100 (10.0.26100.7705)
Time: Fri Mar  6 11:19:39 2026 elapsed time: 2.115885 seconds (0d 0h 0m 2s)

---------------  T H R E A D  ---------------

Current thread (0x0000013085d14a30):  JavaThread "Unknown thread" [_thread_in_vm, id=13752, stack(0x0000001e0e400000,0x0000001e0e500000) (1024K)]

Stack: [0x0000001e0e400000,0x0000001e0e500000]
Native frames: (J=compiled Java code, j=interpreted, Vv=VM code, C=native code)
V  [jvm.dll+0x6dfe69]  (no source info available)
V  [jvm.dll+0x8bfe4b]  (no source info available)
V  [jvm.dll+0x8c23da]  (no source info available)
V  [jvm.dll+0x8c2ab3]  (no source info available)
V  [jvm.dll+0x28a9e6]  (no source info available)
V  [jvm.dll+0x6df315]  (no source info available)
V  [jvm.dll+0x6d325a]  (no source info available)
V  [jvm.dll+0x367a0e]  (no source info available)
V  [jvm.dll+0x36f8db]  (no source info available)
V  [jvm.dll+0x3c13a9]  (no source info available)
V  [jvm.dll+0x3c164b]  (no source info available)
V  [jvm.dll+0x33b2c7]  (no source info available)
V  [jvm.dll+0x33be0b]  (no source info available)
V  [jvm.dll+0x88a37e]  (no source info available)
V  [jvm.dll+0x3ce301]  (no source info available)
V  [jvm.dll+0x87328c]  (no source info available)
V  [jvm.dll+0x461f31]  (no source info available)
V  [jvm.dll+0x463b71]  (no source info available)
C  [jli.dll+0x52f0]  (no source info available)
C  [ucrtbase.dll+0x37b0]  (no source info available)
C  [KERNEL32.DLL+0x2e8d7]  (no source info available)
C  [ntdll.dll+0x8c40c]  (no source info available)


---------------  P R O C E S S  ---------------

Threads class SMR info:
_java_thread_list=0x00007ffd71d57288, length=0, elements={
}

Java Threads: ( => current thread )
Total: 0

Other Threads:
  0x0000013088015d60 WorkerThread "GC Thread#0"                     [id=22296, stack(0x0000001e0e500000,0x0000001e0e600000) (1024K)]
  0x00000130880276a0 ConcurrentGCThread "G1 Main Marker"            [id=19688, stack(0x0000001e0e600000,0x0000001e0e700000) (1024K)]
  0x0000013088028860 WorkerThread "G1 Conc#0"                       [id=16536, stack(0x0000001e0e700000,0x0000001e0e800000) (1024K)]

[error occurred during error reporting (printing all threads), id 0xc0000005, EXCEPTION_ACCESS_VIOLATION (0xc0000005) at pc=0x00007ffd7144dd87]
VM state: not at safepoint (not fully initialized)

VM Mutex/Monitor currently owned by a thread:  ([mutex/lock_event])
[0x00007ffd71dcb9a0] Heap_lock - owner thread: 0x0000013085d14a30

Heap address: 0x0000000704400000, size: 4028 MB, Compressed Oops mode: Zero based, Oop shift amount: 3

CDS archive(s) mapped at: [0x0000000000000000-0x0000000000000000-0x0000000000000000), size 0, SharedBaseAddress: 0x0000000800000000, ArchiveRelocationMode: 1.
Narrow klass base: 0x0000000000000000, Narrow klass shift: 0, Narrow klass range: 0x0

GC Precious Log:
 CardTable entry size: 512
 Card Set container configuration: InlinePtr #cards 4 size 8 Array Of Cards #cards 16 size 48 Howl #buckets 8 coarsen threshold 3686 Howl Bitmap #cards 512 size 80 coarsen threshold 460 Card regions per heap region 1 cards per card region 4096

Heap:
 garbage-first heap   total 0K, used 0K [0x0000000704400000, 0x0000000800000000)
  region size 2048K, 0 young (0K), 0 survivors (0K)

[error occurred during error reporting (printing heap information), id 0xc0000005, EXCEPTION_ACCESS_VIOLATION (0xc0000005) at pc=0x00007ffd7183ce29]
GC Heap History (0 events):
No events

Dll operation events (1 events):
Event: 0.069 Loaded shared library C:\Users\admin H\.jdks\ms-21.0.10\bin\java.dll

Deoptimization events (0 events):
No events

Classes loaded (0 events):
No events

Classes unloaded (0 events):
No events

Classes redefined (0 events):
No events

Internal exceptions (0 events):
No events

ZGC Phase Switch (0 events):
No events

VM Operations (0 events):
No events

Memory protections (0 events):
No events

Nmethod flushes (0 events):
No events

Events (0 events):
No events


Dynamic libraries:
0x00007ff60e120000 - 0x00007ff60e12e000 	C:\Users\admin H\.jdks\ms-21.0.10\bin\java.exe
0x00007ffdf9240000 - 0x00007ffdf94a8000 	C:\WINDOWS\SYSTEM32\ntdll.dll
0x00007ffdf7be0000 - 0x00007ffdf7ca9000 	C:\WINDOWS\System32\KERNEL32.DLL
0x00007ffdf5e00000 - 0x00007ffdf61f1000 	C:\WINDOWS\System32\KERNELBASE.dll
0x00007ffdf6200000 - 0x00007ffdf634b000 	C:\WINDOWS\System32\ucrtbase.dll
0x00007ffdeebd0000 - 0x00007ffdeebee000 	C:\Users\admin H\.jdks\ms-21.0.10\bin\VCRUNTIME140.dll
0x00007ffdef330000 - 0x00007ffdef348000 	C:\Users\admin H\.jdks\ms-21.0.10\bin\jli.dll
0x00007ffdf8b70000 - 0x00007ffdf8d36000 	C:\WINDOWS\System32\USER32.dll
0x00007ffdf6480000 - 0x00007ffdf64a7000 	C:\WINDOWS\System32\win32u.dll
0x00007ffdf8ab0000 - 0x00007ffdf8adb000 	C:\WINDOWS\System32\GDI32.dll
0x00007ffdf6350000 - 0x00007ffdf647b000 	C:\WINDOWS\System32\gdi32full.dll
0x00007ffdf5d50000 - 0x00007ffdf5df3000 	C:\WINDOWS\System32\msvcp_win.dll
0x00007ffde0ad0000 - 0x00007ffde0d63000 	C:\WINDOWS\WinSxS\amd64_microsoft.windows.common-controls_6595b64144ccf1df_6.0.26100.7824_none_3e0870b2e3345462\COMCTL32.dll
0x00007ffdf7f40000 - 0x00007ffdf7fe9000 	C:\WINDOWS\System32\msvcrt.dll
0x00007ffdf8fe0000 - 0x00007ffdf9011000 	C:\WINDOWS\System32\IMM32.DLL
0x00007ffdef370000 - 0x00007ffdef37c000 	C:\Users\admin H\.jdks\ms-21.0.10\bin\vcruntime140_1.dll
0x00007ffddeff0000 - 0x00007ffddf079000 	C:\Users\admin H\.jdks\ms-21.0.10\bin\msvcp140.dll
0x00007ffd71100000 - 0x00007ffd71ead000 	C:\Users\admin H\.jdks\ms-21.0.10\bin\server\jvm.dll
0x00007ffdf8750000 - 0x00007ffdf8804000 	C:\WINDOWS\System32\ADVAPI32.dll
0x00007ffdf8810000 - 0x00007ffdf88b6000 	C:\WINDOWS\System32\sechost.dll
0x00007ffdf7040000 - 0x00007ffdf7158000 	C:\WINDOWS\System32\RPCRT4.dll
0x00007ffdf8af0000 - 0x00007ffdf8b64000 	C:\WINDOWS\System32\WS2_32.dll
0x00007ffde5540000 - 0x00007ffde554b000 	C:\WINDOWS\SYSTEM32\VERSION.dll
0x00007ffdee620000 - 0x00007ffdee655000 	C:\WINDOWS\SYSTEM32\WINMM.dll
0x00007ffdf5980000 - 0x00007ffdf59de000 	C:\WINDOWS\SYSTEM32\POWRPROF.dll
0x00007ffdf5960000 - 0x00007ffdf5974000 	C:\WINDOWS\SYSTEM32\UMPDC.dll
0x00007ffdf4880000 - 0x00007ffdf489b000 	C:\WINDOWS\SYSTEM32\kernel.appcore.dll
0x00007ffdeb220000 - 0x00007ffdeb22a000 	C:\Users\admin H\.jdks\ms-21.0.10\bin\jimage.dll
0x00007ffdf3a40000 - 0x00007ffdf3c82000 	C:\WINDOWS\SYSTEM32\DBGHELP.DLL
0x00007ffdf7850000 - 0x00007ffdf7bd6000 	C:\WINDOWS\System32\combase.dll
0x00007ffdf8980000 - 0x00007ffdf8a57000 	C:\WINDOWS\System32\OLEAUT32.dll
0x00007ffdee5e0000 - 0x00007ffdee61b000 	C:\WINDOWS\SYSTEM32\dbgcore.DLL
0x00007ffdf5ca0000 - 0x00007ffdf5d45000 	C:\WINDOWS\System32\bcryptPrimitives.dll
0x00007ffde3b50000 - 0x00007ffde3b60000 	C:\Users\admin H\.jdks\ms-21.0.10\bin\instrument.dll
0x00007ffde3360000 - 0x00007ffde3381000 	C:\Users\admin H\.jdks\ms-21.0.10\bin\java.dll

JVMTI agents:
C:\Program Files\JetBrains\IntelliJ IDEA 2025.3.3\lib\idea_rt.jar path:none, loaded, not initialized, instrumentlib options:51736

dbghelp: loaded successfully - version: 4.0.5 - missing functions: none
symbol engine: initialized successfully - sym options: 0x614 - pdb path: .;C:\Users\admin H\.jdks\ms-21.0.10\bin;C:\WINDOWS\SYSTEM32;C:\WINDOWS\WinSxS\amd64_microsoft.windows.common-controls_6595b64144ccf1df_6.0.26100.7824_none_3e0870b2e3345462;C:\Users\admin H\.jdks\ms-21.0.10\bin\server

VM Arguments:
jvm_args: -XX:TieredStopAtLevel=1 -Dspring.output.ansi.enabled=always -Dcom.sun.management.jmxremote -Dspring.jmx.enabled=true -Dspring.liveBeansView.mbeanDomain -Dspring.application.admin.enabled=true -Dmanagement.endpoints.jmx.exposure.include=* -javaagent:C:\Program Files\JetBrains\IntelliJ IDEA 2025.3.3\lib\idea_rt.jar=51736 -Dfile.encoding=UTF-8 -Dsun.stdout.encoding=UTF-8 -Dsun.stderr.encoding=UTF-8 
java_command: com.board.springboard.SpringBoardApplication
java_class_path (initial): C:\Users\admin H\IdeaProjects\spring-board\build\classes\java\main;C:\Users\admin H\IdeaProjects\spring-board\build\resources\main;C:\Users\admin H\.gradle\caches\modules-2\files-2.1\org.projectlombok\lombok\1.18.42\8365263844ebb62398e0dc33057ba10ba472d3b8\lombok-1.18.42.jar;C:\Users\admin H\.gradle\caches\modules-2\files-2.1\org.springframework.boot\spring-boot-starter-webmvc\4.0.3\b5e7b864a336375c785df7f5db22061adf99fdcc\spring-boot-starter-webmvc-4.0.3.jar;C:\Users\admin H\.gradle\caches\modules-2\files-2.1\org.mybatis.spring.boot\mybatis-spring-boot-starter\4.0.1\7e421f9d5f0ece7cb32d57e92e1332cb73511a80\mybatis-spring-boot-starter-4.0.1.jar;C:\Users\admin H\.gradle\caches\modules-2\files-2.1\org.springframework.boot\spring-boot-starter\4.0.3\4e6cfad940a6f23ca7d1e1cc18c19e8d573830ef\spring-boot-starter-4.0.3.jar;C:\Users\admin H\.gradle\caches\modules-2\files-2.1\org.apache.tomcat.embed\tomcat-embed-jasper\11.0.18\8ae2b4dc2999ef92bf9e5da8318eff8a7889c9e1\tomcat-embed-jasper-11.0.18.jar;C:\Users\admin H\.gradle\caches\modules-2\files-2.1\jakarta.servlet.jsp.jstl\jakarta.servlet.jsp.jstl-api\3.0.2\3993114cd341afa42b2c2841c88ef653fa7ef3ee\jakarta.servlet.jsp.jstl-api-3.0.2.jar;C:\Users\admin H\.gradle\caches\modules-2\files-2.1\org.glassfish.web\jakarta.servlet.jsp.jstl\3.0.1\78909a1354585b2a7a2d3b4e348fceff8b6d180\jakarta.servlet.jsp.jstl-3.0.1.jar;C:\Users\admin H\.gradle\caches\modules-2\files-2.1\org.springframework.boot\spring-boot-starter-jackson\4.0.3\1e02c5c501f5a8559a18d608ca847ae6f240dde\spring-boot-starter-jackson-4.0.3.jar;C:\Users\admin H\.gradle\caches\modules-2\files-2.1\org.springframework.boot\spring-boot-starter-tomcat\4.0.3\458c27ddeb83ee9cb7a022ac8abbc3563167161e\spring-boot-starter-tomcat-4.0.3.jar;C:\Users\admin H\.gradle\caches\modules-2\files-2.1\org.springframework.boot\spring-boot-http-converter\4.0.3\72a29a59c5b1b55a151e851c3c823f01bfca106\spring-boot-http-converter-4.0.3.jar;C:\Users\admin H\.gradle\caches\modules-2\files-2.1\org.springframework.boot\spring-boot-webmvc\4.0.3\8100d8a8c357271d8d78ecdee0d8441b00243786\spring-boot-webmvc-4.0.3.jar;C:\Users\admin H\.gradle\caches\modules-2\files-2.1\org.springframework.boot\spring-boot-starter-jdbc\4.0.3\c6ed739bbc5ce99dfcb81272f9fcfd259b8e325f\spring-boot-starter-jdbc-4.0.3.jar;C:\Users\admin H\.gradle\caches\modules-2\files-2.1\org.mybatis.spring.boot\mybatis-spring-boot-autoconfigure\4.0.1\60d3dfd5749f651c3de7fead86a933b8496d879f\mybatis-spring-boot-autoconfigure-4.0.1.jar;C:\Users\admin H\.gradle\caches\modules-2\files-2.1\org.mybatis\mybatis\3.5.19\79b20d963e38e66f41431ea49bc22f7cce718142\mybatis-3.5.19.jar;C:\Users\admin H\.gradle\caches\modules-2\files-2.1\org.mybatis\mybatis-spring\4.0.0\df5fdaf1a729c4d3649afab6acb5dbddc6647b02\mybatis-spring-4.0.0.jar;C:\Users\admin H\.gradle\caches\modules-2\files-2.1\org.springframework.boot\spring-boot-starter-logging\4.0.3\a53f6e8b383c6b5bac002a6ff6cd142f480944c6\spring-boot-starter-logging-4.0.3.jar;C:\Users\admin H\.gradle\caches\modules-2\files-2.1\org.springframework.boot\spring-boot-autoconfigure\4.0.3\22e2d188c24d65ed1ffe97363c61e8246d2ed430\spring-boot-autoconfigure-4.0.3.jar;C:\Users\admin H\.gradle\caches\modules-2\files-2.1\jakarta.annotation\jakarta.annotation-api\3.0.0\54f928fadec906a99d558536756d171917b9d936\jakarta.annotation-api-3.0.0.jar;C:\Users\admin H\.gradle\caches\modules-2\files-2.1\org.yaml\snakeyaml\2.5\2d53ddec134280cb384c1e35d094e5f71c1f2316\snakeyaml-2.5.jar;C:\Users\admin H\.gradle\caches\modules-2\files-2.1\org.apache.tomcat.embed\tomcat-embed-core\11.0.18\a96bb1b8a21ee7e93ce01cce7fd63f8e7561ec92\tomcat-embed-core-11.0.18.jar;C:\Users\admin H\.gradle\caches\modules-2\files-2.1\org.apache.tomcat.embed\tomcat-embed-el\11.0.18\44a04ab91a1e046f436c1746d5a93d1fff57982f\tomcat-embed-el-11.0.18.jar;C:\Users\admin H\.gradle\caches\modules-2\files-2.1\org.eclipse.jdt\ecj\3.44.0\a4e1c9f58954801783e1b49d2f281000f814a779\ecj-3.44.0.jar;C:\Users\admin H\.gradle\caches\modules-2\files-2.1\jakarta.servlet\jakarta.servlet-api\6.1.0\1169a246913fe3823782af7943e7a103634867c5\jakarta.servlet-api-6.1.0.jar;C:\Users\admin H\.gradle\caches\modules-2\files-2.1\jakarta.el\jakarta.el-api\5.0.0\2a22b304920f43d6427cdefb5ce5f6726e2a63a3\jakarta.el-api-5.0.0.jar;C:\Users\admin H\.gradle\caches\modules-2\files-2.1\org.springframework.boot\spring-boot-jackson\4.0.3\ad6f3dff63a566bc57e100335dc5646b5b62f592\spring-boot-jackson-4.0.3.jar;C:\Users\admin H\.gradle\caches\modules-2\files-2.1\org.springframework.boot\spring-boot-starter-tomcat-runtime\4.0.3\f6e949420af2eda6aa89192ffca5eb9f0e7dea6b\spring-boot-starter-tomcat-runtime-4.0.3.jar;C:\Users\admin H\.gradle\caches\modules-2\files-2.1\org.springframework.boot\spring-boot-tomcat\4.0.3\28975c97048bac17c944b7b402715428dddf9c65\spring-boot-tomcat-4.0.3.jar;C:\Users\admin H\.gradle\caches\modules-2\files-2.1\org.springframework.boot\spring-boot\4.0.3\3cdf46caf2392aa752dfb956ee010b1d70fb9acd\spring-boot-4.0.3.jar;C:\Users\admin H\.gradle\caches\modules-2\files-2.1\org.springframework\spring-web\7.0.5\b2edb5890bb10edcf1ac539b0a4ef1c105fe8db3\spring-web-7.0.5.jar;C:\Users\admin H\.gradle\caches\modules-2\files-2.1\org.springframework.boot\spring-boot-servlet\4.0.3\7d435c96323d8fa917be8d70b2c2a001a8794ff4\spring-boot-servlet-4.0.3.jar;C:\Users\admin H\.gradle\caches\modules-2\files-2.1\org.springframework\spring-webmvc\7.0.5\77b2de8c45182565be884a7158845cb3d6f23788\spring-webmvc-7.0.5.jar;C:\Users\admin H\.gradle\caches\modules-2\files-2.1\org.springframework.boot\spring-boot-jdbc\4.0.3\a4868d5751c42cc1da95ee6c60a9e3046131741d\spring-boot-jdbc-4.0.3.jar;C:\Users\admin H\.gradle\caches\modules-2\files-2.1\com.zaxxer\HikariCP\7.0.2\c2b43c946b86a14a96342379e22b004c56c6166d\HikariCP-7.0.2.jar;C:\Users\admin H\.gradle\caches\modules-2\files-2.1\ch.qos.logback\logback-classic\1.5.32\2b1042c50f508f2eb402bd4d22ccbdf94cc37d2e\logback-classic-1.5.32.jar;C:\Users\admin H\.gradle\caches\modules-2\files-2.1\org.apache.logging.log4j\log4j-to-slf4j\2.25.3\30adfb40cca243ec88cf7ec1fddb411ab55faa4f\log4j-to-slf4j-2.25.3.jar;C:\Users\admin H\.gradle\caches\modules-2\files-2.1\org.slf4j\jul-to-slf4j\2.0.17\524cb6ccc2b68a57604750e1ab8b13b5a786a6aa\jul-to-slf4j-2.0.17.jar;C:\Users\admin H\.gradle\caches\modules-2\files-2.1\org.apache.tomcat\tomcat-annotations-api\11.0.18\6c5f51c769f2cda2b2306160138977248feb7310\tomcat-annotations-api-11.0.18.jar;C:\Users\admin H\.gradle\caches\modules-2\files-2.1\tools.jackson.core\jackson-databind\3.0.4\b5f818b0b9c79d344aede4b87064cc0e323f9ef2\jackson-databind-3.0.4.jar;C:\Users\admin H\.gradle\caches\modules-2\files-2.1\org.apache.tomcat.embed\tomcat-embed-websocket\11.0.18\7b0009018394a033e922e8e956d4947dce1ffd07\tomcat-embed-websocket-11.0.18.jar;C:\Users\admin H\.gradle\caches\modules-2\files-2.1\org.springframework.boot\spring-boot-web-server\4.0.3\ed321647244629861a510d7df598d28689b2aa36\spring-boot-web-server-4.0.3.jar;C:\Users\admin H\.gradle\caches\modules-2\files-2.1\org.springframework\spring-context\7.0.5\f0bed37a25f4880f3e93a9556425394087bdc1e9\spring-context-7.0.5.jar;C:\Users\admin H\.gradle\caches\modules-2\files-2.1\org.springframework\spring-core\7.0.5\186a59c9647b6a87e9c5ca8a862b8ac478e9ea14\spring-core-7.0.5.jar;C:\Users\admin H\.gradle\caches\modules-2\files-2.1\org.springframework\spring-beans\7.0.5\e20d1006aca78c2c58f5eb85d58bc60672a3527c\spring-beans-7.0.5.jar;C:\Users\admin H\.gradle\caches\modules-2\files-2.1\io.micrometer\micrometer-observation\1.16.3\2846fee03dd959802e7cebf0f26c9ae2a59176a4\micrometer-observation-1.16.3.jar;C:\Users\admin H\.gradle\caches\modules-2\files-2.1\org.springframework\spring-aop\7.0.5\647607a091a862fdf1562764a8f41ef962b6c3cc\spring-aop-7.0.5.jar;C:\Users\admin H\.gradle\caches\modules-2\files-2.1\org.springframework\spring-expression\7.0.5\601ded105fb8580fe6c26cb87b1b005033c66350\spring-expression-7.0.5.jar;C:\Users\admin H\.gradle\caches\modules-2\files-2.1\org.springframework.boot\spring-boot-sql\4.0.3\afe39a694d946d9fc185922fd755e7d3fe197571\spring-boot-sql-4.0.3.jar;C:\Users\admin H\.gradle\caches\modules-2\files-2.1\org.springframework.boot\spring-boot-transaction\4.0.3\e62e8857548d32ffc5666f0b947073930b12fe8b\spring-boot-transaction-4.0.3.jar;C:\Users\admin H\.gradle\caches\modules-2\files-2.1\org.springframework\spring-jdbc\7.0.5\10cc68ecb63975683ceb923c2d07f09565ba5e82\spring-jdbc-7.0.5.jar;C:\Users\admin H\.gradle\caches\modules-2\files-2.1\org.slf4j\slf4j-api\2.0.17\d9e58ac9c7779ba3bf8142aff6c830617a7fe60f\slf4j-api-2.0.17.jar;C:\Users\admin H\.gradle\caches\modules-2\files-2.1\ch.qos.logback\logback-core\1.5.32\fdfb3ff9a842303d4a95207294a6c6bc64e2605d\logback-core-1.5.32.jar;C:\Users\admin H\.gradle\caches\modules-2\files-2.1\org.apache.logging.log4j\log4j-api\2.25.3\fb385330d89c2d61058ef649403f214633569205\log4j-api-2.25.3.jar;C:\Users\admin H\.gradle\caches\modules-2\files-2.1\org.jspecify\jspecify\1.0.0\7425a601c1c7ec76645a78d22b8c6a627edee507\jspecify-1.0.0.jar;C:\Users\admin H\.gradle\caches\modules-2\files-2.1\biz.aQute.bnd\biz.aQute.bnd.annotation\7.1.0\2f2be18c936d08cf46ea6cfa0043f34afdf38705\biz.aQute.bnd.annotation-7.1.0.jar;C:\Users\admin H\.gradle\caches\modules-2\files-2.1\com.google.errorprone\error_prone_annotations\2.38.0\fc0ae991433e8590ba51cd558421478318a74c8c\error_prone_annotations-2.38.0.jar;C:\Users\admin H\.gradle\caches\modules-2\files-2.1\org.osgi\org.osgi.annotation.bundle\2.0.0\f5c2cd6e670c3c5d440d3003efd5ef2ead5c68eb\org.osgi.annotation.bundle-2.0.0.jar;C:\Users\admin H\.gradle\caches\modules-2\files-2.1\org.osgi\org.osgi.annotation.versioning\1.1.2\dc3cd4ec96c0b3c5459fe00694bd73a816ecf93e\org.osgi.annotation.versioning-1.1.2.jar;C:\Users\admin H\.gradle\caches\modules-2\files-2.1\tools.jackson.core\jackson-core\3.0.4\c5be0f5814e161030c29fc48b92c27331729ab7f\jackson-core-3.0.4.jar;C:\Users\admin H\.gradle\caches\modules-2\files-2.1\com.fasterxml.jackson.core\jackson-annotations\2.20\6a5e7291ea3f2b590a7ce400adb7b3aea4d7e12c\jackson-annotations-2.20.jar;C:\Users\admin H\.gradle\caches\modules-2\files-2.1\commons-logging\commons-logging\1.3.5\a3fcc5d3c29b2b03433aa2d2f2d2c1b1638924a1\commons-logging-1.3.5.jar;C:\Users\admin H\.gradle\caches\modules-2\files-2.1\io.micrometer\micrometer-commons\1.16.3\2ee3cbdd1c32d8cc6defd6ed8b21695dfcb1e763\micrometer-commons-1.16.3.jar;C:\Users\admin H\.gradle\caches\modules-2\files-2.1\org.springframework.boot\spring-boot-persistence\4.0.3\58ed08c6834a22536086d650a34a733baf37313d\spring-boot-persistence-4.0.3.jar;C:\Users\admin H\.gradle\caches\modules-2\files-2.1\org.springframework\spring-tx\7.0.5\d305e839f8d6a11ba4e12f3abbfda23e8ff7f946\spring-tx-7.0.5.jar;C:\Users\admin H\.gradle\caches\modules-2\files-2.1\org.osgi\org.osgi.resource\1.0.0\343c88949132984b3f2d4175a72c40b77dc65619\org.osgi.resource-1.0.0.jar;C:\Users\admin H\.gradle\caches\modules-2\files-2.1\org.osgi\org.osgi.service.serviceloader\1.0.0\3728ff37909c6a3c1870b3e851342d9f2bd3cc63\org.osgi.service.serviceloader-1.0.0.jar;C:\Users\admin H\.gradle\caches\modules-2\files-2.1\org.springframework.boot\spring-boot-devtools\4.0.3\a90e93857be2f3bedd238f961c50f473f6edda15\spring-boot-devtools-4.0.3.jar;C:\Users\admin H\.gradle\caches\modules-2\files-2.1\com.mysql\mysql-connector-j\9.6.0\a76b3cf1facc2faca4b6e34c1a63ef5e7840131\mysql-connector-j-9.6.0.jar
Launcher Type: SUN_STANDARD

[Global flags]
     intx CICompilerCount                          = 4                                         {product} {ergonomic}
     uint ConcGCThreads                            = 2                                         {product} {ergonomic}
     uint G1ConcRefinementThreads                  = 8                                         {product} {ergonomic}
   size_t G1HeapRegionSize                         = 2097152                                   {product} {ergonomic}
    uintx GCDrainStackTargetSize                   = 64                                        {product} {ergonomic}
   size_t InitialHeapSize                          = 264241152                                 {product} {ergonomic}
     bool ManagementServer                         = true                                      {product} {command line}
   size_t MarkStackSize                            = 4194304                                   {product} {ergonomic}
   size_t MaxHeapSize                              = 4223664128                                {product} {ergonomic}
   size_t MinHeapDeltaBytes                        = 2097152                                   {product} {ergonomic}
   size_t MinHeapSize                              = 8388608                                   {product} {ergonomic}
    uintx NonNMethodCodeHeapSize                   = 4096                                   {pd product} {ergonomic}
    uintx NonProfiledCodeHeapSize                  = 0                                      {pd product} {ergonomic}
     bool ProfileInterpreter                       = false                                  {pd product} {command line}
    uintx ProfiledCodeHeapSize                     = 0                                      {pd product} {ergonomic}
   size_t SoftMaxHeapSize                          = 4223664128                             {manageable} {ergonomic}
     intx TieredStopAtLevel                        = 1                                         {product} {command line}
     bool UseCompressedOops                        = true                           {product lp64_product} {ergonomic}
     bool UseG1GC                                  = true                                      {product} {ergonomic}
     bool UseLargePagesIndividualAllocation        = false                                  {pd product} {ergonomic}

Logging:
Log output configuration:
 #0: stdout all=warning uptime,level,tags foldmultilines=false
 #1: stderr all=off uptime,level,tags foldmultilines=false

Release file:
<release file has not been read>
Environment Variables:
JAVA_HOME=C:\Program Files\Java\jdk-11
PATH=C:\oraclexe\app\oracle\product\11.2.0\server\bin;;C:\Program Files\Amazon Corretto\jdk21.0.9_10\bin;C:\Program Files\Common Files\Oracle\Java\javapath;C:\Program Files (x86)\Razer Chroma SDK\bin;C:\Program Files\Razer Chroma SDK\bin;C:\Program Files (x86)\Razer\ChromaBroadcast\bin;C:\Program Files\Razer\ChromaBroadcast\bin;C:\WINDOWS\system32;C:\WINDOWS;C:\WINDOWS\System32\Wbem;C:\WINDOWS\System32\WindowsPowerShell\v1.0\;C:\WINDOWS\System32\OpenSSH\;C:\WINDOWS\system32\config\systemprofile\AppData\Local\Microsoft\WindowsApps;C:\Program Files\dotnet\;C:\WINDOWS\system32;C:\WINDOWS;C:\WINDOWS\System32\Wbem;C:\WINDOWS\System32\WindowsPowerShell\v1.0\;C:\WINDOWS\System32\OpenSSH\;C:\ProgramData\chocolatey\bin;C:\Program Files\Amazon Corretto\jdk21.0.9_10;%HADOOP__HOME%;%SPARK_HOME%;%PYSPARK_PYTHON%;C:\Program Files (x86)\Windows Kits\10\Windows Performance Toolkit\;C:\Program Files\cursor\resources\app\bin;C:\Program Files\Git\cmd;C:\Program Files\MySQL\MySQL Shell 8.0\bin\;C:\Users\admin H\.local\bin;C:\Users\admin H\AppData\Local\Microsoft\WindowsApps;C:\Program Files\Bandizip\;C:\Users\admin H\AppData\Local\afreeca;C:\Users\admin H\AppData\Local\GitHubDesktop\bin;C:\Users\admin H\AppData\Local\Programs\Microsoft VS Code\bin;C:\Users\admin H\AppData\Roaming\npm;C:\Users\admin H\.dotnet\tools;;C:\Users\admin H\AppData\Local\Programs\cursor\resources\app\bin;C:\Program Files\JetBrains\IntelliJ IDEA 2025.3.3\bin
USERNAME=admin H
OS=Windows_NT
PROCESSOR_IDENTIFIER=Intel64 Family 6 Model 140 Stepping 1, GenuineIntel
TMP=C:\Users\ADMINH~1\AppData\Local\Temp
TEMP=C:\Users\ADMINH~1\AppData\Local\Temp




Periodic native trim disabled

---------------  S Y S T E M  ---------------

OS:
 Windows 11 , 64 bit Build 26100 (10.0.26100.7705)
OS uptime: 1 days 1:48 hours
Hyper-V role detected

CPU: total 8 (initial active 8) (4 cores per cpu, 2 threads per core) family 6 model 140 stepping 1 microcode 0x8a, cx8, cmov, fxsr, ht, mmx, 3dnowpref, sse, sse2, sse3, ssse3, sse4.1, sse4.2, popcnt, lzcnt, tsc, tscinvbit, avx, avx2, aes, erms, clmul, bmi1, bmi2, adx, avx512f, avx512dq, avx512cd, avx512bw, avx512vl, sha, fma, vzeroupper, avx512_vpopcntdq, avx512_vpclmulqdq, avx512_vaes, avx512_vnni, clflush, clflushopt, clwb, avx512_vbmi2, avx512_vbmi, hv, rdtscp, rdpid, fsrm, gfni, avx512_bitalg, f16c, cet_ibt, cet_ss, avx512_ifma
Processor Information for the first 8 processors :
  Max Mhz: 2419, Current Mhz: 2419, Mhz Limit: 2419

Memory: 4k page, system-wide physical 16108M (4426M free)
TotalPageFile size 16108M (AvailPageFile size 20M)
current process WorkingSet (physical memory assigned to process): 13M, peak: 13M
current process commit charge ("private bytes"): 55M, peak: 307M

vm_info: OpenJDK 64-Bit Server VM (21.0.10+7-LTS) for windows-amd64 JRE (21.0.10+7-LTS), built on 2026-01-15T18:39:42Z by "MicrosoftCorporation" with MS VC++ 17.14 (VS2022)

END.
